Jan 28 16:54:12 mbuchs kernel: Linux version 6.19.0-rc7-next-20260126 (maem@mbuchs) (gcc (GCC) 15.2.0, GNU ld (GNU Binutils) 2.45) #3 SMP PREEMPT_DYNAMIC Wed Jan 28 16:25:09 CET 2026
Jan 28 16:54:12 mbuchs kernel: Command line: BOOT_IMAGE=/vmlinuz-6.19.0-rc7-next-20260126 root=/dev/vda2 ro
Jan 28 16:54:12 mbuchs kernel: x86 CPU feature dependency check failure: CPU0 has '18*32+31' enabled but '18*32+26' disabled. Kernel might be fine, but no guarantees.
Jan 28 16:54:12 mbuchs kernel: BIOS-provided physical RAM map:
Jan 28 16:54:12 mbuchs kernel: BIOS-e820: [mem 0x0000000000000000-0x000000000009fbff]  System RAM
Jan 28 16:54:12 mbuchs kernel: BIOS-e820: [mem 0x000000000009fc00-0x000000000009ffff]  device reserved
Jan 28 16:54:12 mbuchs kernel: BIOS-e820: [gap 0x00000000000a0000-0x00000000000effff]
Jan 28 16:54:12 mbuchs kernel: BIOS-e820: [mem 0x00000000000f0000-0x00000000000fffff]  device reserved
Jan 28 16:54:12 mbuchs kernel: BIOS-e820: [mem 0x0000000000100000-0x000000007ffdbfff]  System RAM
Jan 28 16:54:12 mbuchs kernel: BIOS-e820: [mem 0x000000007ffdc000-0x000000007fffffff]  device reserved
Jan 28 16:54:12 mbuchs kernel: BIOS-e820: [gap 0x0000000080000000-0x00000000afffffff]
Jan 28 16:54:12 mbuchs kernel: BIOS-e820: [mem 0x00000000b0000000-0x00000000bfffffff]  device reserved
Jan 28 16:54:12 mbuchs kernel: BIOS-e820: [gap 0x00000000c0000000-0x00000000fed1bfff]
Jan 28 16:54:12 mbuchs kernel: BIOS-e820: [mem 0x00000000fed1c000-0x00000000fed1ffff]  device reserved
Jan 28 16:54:12 mbuchs kernel: BIOS-e820: [gap 0x00000000fed20000-0x00000000feffbfff]
Jan 28 16:54:12 mbuchs kernel: BIOS-e820: [mem 0x00000000feffc000-0x00000000feffffff]  device reserved
Jan 28 16:54:12 mbuchs kernel: BIOS-e820: [gap 0x00000000ff000000-0x00000000fffbffff]
Jan 28 16:54:12 mbuchs kernel: BIOS-e820: [mem 0x00000000fffc0000-0x00000000ffffffff]  device reserved
Jan 28 16:54:12 mbuchs kernel: BIOS-e820: [mem 0x0000000100000000-0x000000017fffffff]  System RAM
Jan 28 16:54:12 mbuchs kernel: BIOS-e820: [gap 0x0000000180000000-0x000000fcffffffff]
Jan 28 16:54:12 mbuchs kernel: BIOS-e820: [mem 0x000000fd00000000-0x000000ffffffffff]  device reserved
Jan 28 16:54:12 mbuchs kernel: NX (Execute Disable) protection: active
Jan 28 16:54:12 mbuchs kernel: APIC: Static calls initialized
Jan 28 16:54:12 mbuchs kernel: SMBIOS 2.8 present.
Jan 28 16:54:12 mbuchs kernel: DMI: QEMU Standard PC (Q35 + ICH9, 2009), BIOS Arch Linux 1.17.0-2-2 04/01/2014
Jan 28 16:54:12 mbuchs kernel: DMI: Memory slots populated: 1/1
Jan 28 16:54:12 mbuchs kernel: Hypervisor detected: KVM
Jan 28 16:54:12 mbuchs kernel: last_pfn = 0x7ffdc max_arch_pfn = 0x400000000
Jan 28 16:54:12 mbuchs kernel: kvm-clock: Using msrs 4b564d01 and 4b564d00
Jan 28 16:54:12 mbuchs kernel: kvm-clock: using sched offset of 179072883270492 cycles
Jan 28 16:54:12 mbuchs kernel: clocksource: kvm-clock: mask: 0xffffffffffffffff max_cycles: 0x1cd42e4dffb, max_idle_ns: 881590591483 ns
Jan 28 16:54:12 mbuchs kernel: tsc: Detected 3792.832 MHz processor
Jan 28 16:54:12 mbuchs kernel: e820: update [mem 0x00000000-0x00000fff] System RAM ==> device reserved
Jan 28 16:54:12 mbuchs kernel: e820: remove [mem 0x000a0000-0x000fffff] System RAM
Jan 28 16:54:12 mbuchs kernel: last_pfn = 0x180000 max_arch_pfn = 0x400000000
Jan 28 16:54:12 mbuchs kernel: MTRR map: 4 entries (3 fixed + 1 variable; max 19), built from 8 variable MTRRs
Jan 28 16:54:12 mbuchs kernel: x86/PAT: Configuration [0-7]: WB  WC  UC- UC  WB  WP  UC- WT  
Jan 28 16:54:12 mbuchs kernel: last_pfn = 0x7ffdc max_arch_pfn = 0x400000000
Jan 28 16:54:12 mbuchs kernel: found SMP MP-table at [mem 0x000f6610-0x000f661f]
Jan 28 16:54:12 mbuchs kernel: Using GB pages for direct mapping
Jan 28 16:54:12 mbuchs kernel: ACPI: Early table checksum verification disabled
Jan 28 16:54:12 mbuchs kernel: ACPI: RSDP 0x00000000000F65D0 000014 (v00 BOCHS )
Jan 28 16:54:12 mbuchs kernel: ACPI: RSDT 0x000000007FFE2B78 000034 (v01 BOCHS  BXPC     00000001 BXPC 00000001)
Jan 28 16:54:12 mbuchs kernel: ACPI: FACP 0x000000007FFE2970 0000F4 (v03 BOCHS  BXPC     00000001 BXPC 00000001)
Jan 28 16:54:12 mbuchs kernel: ACPI: DSDT 0x000000007FFDFCC0 002CB0 (v01 BOCHS  BXPC     00000001 BXPC 00000001)
Jan 28 16:54:12 mbuchs kernel: ACPI: FACS 0x000000007FFDFC80 000040
Jan 28 16:54:12 mbuchs kernel: ACPI: APIC 0x000000007FFE2A64 0000B0 (v03 BOCHS  BXPC     00000001 BXPC 00000001)
Jan 28 16:54:12 mbuchs kernel: ACPI: MCFG 0x000000007FFE2B14 00003C (v01 BOCHS  BXPC     00000001 BXPC 00000001)
Jan 28 16:54:12 mbuchs kernel: ACPI: WAET 0x000000007FFE2B50 000028 (v01 BOCHS  BXPC     00000001 BXPC 00000001)
Jan 28 16:54:12 mbuchs kernel: ACPI: Reserving FACP table memory at [mem 0x7ffe2970-0x7ffe2a63]
Jan 28 16:54:12 mbuchs kernel: ACPI: Reserving DSDT table memory at [mem 0x7ffdfcc0-0x7ffe296f]
Jan 28 16:54:12 mbuchs kernel: ACPI: Reserving FACS table memory at [mem 0x7ffdfc80-0x7ffdfcbf]
Jan 28 16:54:12 mbuchs kernel: ACPI: Reserving APIC table memory at [mem 0x7ffe2a64-0x7ffe2b13]
Jan 28 16:54:12 mbuchs kernel: ACPI: Reserving MCFG table memory at [mem 0x7ffe2b14-0x7ffe2b4f]
Jan 28 16:54:12 mbuchs kernel: ACPI: Reserving WAET table memory at [mem 0x7ffe2b50-0x7ffe2b77]
Jan 28 16:54:12 mbuchs kernel: No NUMA configuration found
Jan 28 16:54:12 mbuchs kernel: Faking a node at [mem 0x0000000000000000-0x000000017fffffff]
Jan 28 16:54:12 mbuchs kernel: NODE_DATA(0) allocated [mem 0x17fffa900-0x17fffdfff]
Jan 28 16:54:12 mbuchs kernel: ACPI: PM-Timer IO Port: 0x608
Jan 28 16:54:12 mbuchs kernel: ACPI: LAPIC_NMI (acpi_id[0xff] dfl dfl lint[0x1])
Jan 28 16:54:12 mbuchs kernel: IOAPIC[0]: apic_id 0, version 17, address 0xfec00000, GSI 0-23
Jan 28 16:54:12 mbuchs kernel: ACPI: INT_SRC_OVR (bus 0 bus_irq 0 global_irq 2 dfl dfl)
Jan 28 16:54:12 mbuchs kernel: ACPI: INT_SRC_OVR (bus 0 bus_irq 5 global_irq 5 high level)
Jan 28 16:54:12 mbuchs kernel: ACPI: INT_SRC_OVR (bus 0 bus_irq 9 global_irq 9 high level)
Jan 28 16:54:12 mbuchs kernel: ACPI: INT_SRC_OVR (bus 0 bus_irq 10 global_irq 10 high level)
Jan 28 16:54:12 mbuchs kernel: ACPI: INT_SRC_OVR (bus 0 bus_irq 11 global_irq 11 high level)
Jan 28 16:54:12 mbuchs kernel: ACPI: Using ACPI (MADT) for SMP configuration information
Jan 28 16:54:12 mbuchs kernel: TSC deadline timer available
Jan 28 16:54:12 mbuchs kernel: CPU topo: Max. logical packages:   8
Jan 28 16:54:12 mbuchs kernel: CPU topo: Max. logical dies:       8
Jan 28 16:54:12 mbuchs kernel: CPU topo: Max. dies per package:   1
Jan 28 16:54:12 mbuchs kernel: CPU topo: Max. threads per core:   1
Jan 28 16:54:12 mbuchs kernel: CPU topo: Num. cores per package:     1
Jan 28 16:54:12 mbuchs kernel: CPU topo: Num. threads per package:   1
Jan 28 16:54:12 mbuchs kernel: CPU topo: Allowing 8 present CPUs plus 0 hotplug CPUs
Jan 28 16:54:12 mbuchs kernel: kvm-guest: APIC: eoi() replaced with kvm_guest_apic_eoi_write()
Jan 28 16:54:12 mbuchs kernel: kvm-guest: KVM setup pv remote TLB flush
Jan 28 16:54:12 mbuchs kernel: kvm-guest: setup PV sched yield
Jan 28 16:54:12 mbuchs kernel: PM: hibernation: Registered nosave memory: [mem 0x00000000-0x00000fff]
Jan 28 16:54:12 mbuchs kernel: PM: hibernation: Registered nosave memory: [mem 0x0009f000-0x000fffff]
Jan 28 16:54:12 mbuchs kernel: PM: hibernation: Registered nosave memory: [mem 0x7ffdc000-0xffffffff]
Jan 28 16:54:12 mbuchs kernel: [gap 0xc0000000-0xfed1bfff] available for PCI devices
Jan 28 16:54:12 mbuchs kernel: Booting paravirtualized kernel on KVM
Jan 28 16:54:12 mbuchs kernel: clocksource: refined-jiffies: mask: 0xffffffff max_cycles: 0xffffffff, max_idle_ns: 1910969940391419 ns
Jan 28 16:54:12 mbuchs kernel: Zone ranges:
Jan 28 16:54:12 mbuchs kernel:   DMA      [mem 0x0000000000001000-0x0000000000ffffff]
Jan 28 16:54:12 mbuchs kernel:   DMA32    [mem 0x0000000001000000-0x00000000ffffffff]
Jan 28 16:54:12 mbuchs kernel:   Normal   [mem 0x0000000100000000-0x000000017fffffff]
Jan 28 16:54:12 mbuchs kernel: Movable zone start for each node
Jan 28 16:54:12 mbuchs kernel: Early memory node ranges
Jan 28 16:54:12 mbuchs kernel:   node   0: [mem 0x0000000000001000-0x000000000009efff]
Jan 28 16:54:12 mbuchs kernel:   node   0: [mem 0x0000000000100000-0x000000007ffdbfff]
Jan 28 16:54:12 mbuchs kernel:   node   0: [mem 0x0000000100000000-0x000000017fffffff]
Jan 28 16:54:12 mbuchs kernel: Initmem setup node 0 [mem 0x0000000000001000-0x000000017fffffff]
Jan 28 16:54:12 mbuchs kernel: On node 0, zone DMA: 1 pages in unavailable ranges
Jan 28 16:54:12 mbuchs kernel: On node 0, zone DMA: 97 pages in unavailable ranges
Jan 28 16:54:12 mbuchs kernel: On node 0, zone Normal: 36 pages in unavailable ranges
Jan 28 16:54:12 mbuchs kernel: setup_percpu: NR_CPUS:64 nr_cpumask_bits:8 nr_cpu_ids:8 nr_node_ids:1
Jan 28 16:54:12 mbuchs kernel: percpu: Embedded 52 pages/cpu s175448 r8192 d29352 u262144
Jan 28 16:54:12 mbuchs kernel: pcpu-alloc: s175448 r8192 d29352 u262144 alloc=1*2097152
Jan 28 16:54:12 mbuchs kernel: pcpu-alloc: [0] 0 1 2 3 4 5 6 7 
Jan 28 16:54:12 mbuchs kernel: Kernel command line: BOOT_IMAGE=/vmlinuz-6.19.0-rc7-next-20260126 root=/dev/vda2 ro
Jan 28 16:54:12 mbuchs kernel: random: crng init done
Jan 28 16:54:12 mbuchs kernel: printk: log buffer data + meta data: 262144 + 917504 = 1179648 bytes
Jan 28 16:54:12 mbuchs kernel: Dentry cache hash table entries: 524288 (order: 10, 4194304 bytes, linear)
Jan 28 16:54:12 mbuchs kernel: Inode-cache hash table entries: 262144 (order: 9, 2097152 bytes, linear)
Jan 28 16:54:12 mbuchs kernel: software IO TLB: area num 8.
Jan 28 16:54:12 mbuchs kernel: Fallback order for Node 0: 0 
Jan 28 16:54:12 mbuchs kernel: Built 1 zonelists, mobility grouping on.  Total pages: 1048442
Jan 28 16:54:12 mbuchs kernel: Policy zone: Normal
Jan 28 16:54:12 mbuchs kernel: mem auto-init: stack:all(zero), heap alloc:off, heap free:off
Jan 28 16:54:12 mbuchs kernel: SLUB: HWalign=64, Order=0-3, MinObjects=0, CPUs=8, Nodes=1
Jan 28 16:54:12 mbuchs kernel: Dynamic Preempt: full
Jan 28 16:54:12 mbuchs kernel: rcu: Preemptible hierarchical RCU implementation.
Jan 28 16:54:12 mbuchs kernel: rcu:         RCU event tracing is enabled.
Jan 28 16:54:12 mbuchs kernel: rcu:         RCU restricting CPUs from NR_CPUS=64 to nr_cpu_ids=8.
Jan 28 16:54:12 mbuchs kernel:         Trampoline variant of Tasks RCU enabled.
Jan 28 16:54:12 mbuchs kernel:         Tracing variant of Tasks RCU enabled.
Jan 28 16:54:12 mbuchs kernel: rcu: RCU calculated value of scheduler-enlistment delay is 100 jiffies.
Jan 28 16:54:12 mbuchs kernel: rcu: Adjusting geometry for rcu_fanout_leaf=16, nr_cpu_ids=8
Jan 28 16:54:12 mbuchs kernel: RCU Tasks: Setting shift to 3 and lim to 1 rcu_task_cb_adjust=1 rcu_task_cpu_ids=8.
Jan 28 16:54:12 mbuchs kernel: NR_IRQS: 4352, nr_irqs: 488, preallocated irqs: 16
Jan 28 16:54:12 mbuchs kernel: rcu: srcu_init: Setting srcu_struct sizes based on contention.
Jan 28 16:54:12 mbuchs kernel: Console: colour VGA+ 80x25
Jan 28 16:54:12 mbuchs kernel: printk: legacy console [tty0] enabled
Jan 28 16:54:12 mbuchs kernel: ACPI: Core revision 20251212
Jan 28 16:54:12 mbuchs kernel: APIC: Switch to symmetric I/O mode setup
Jan 28 16:54:12 mbuchs kernel: x2apic enabled
Jan 28 16:54:12 mbuchs kernel: APIC: Switched APIC routing to: physical x2apic
Jan 28 16:54:12 mbuchs kernel: kvm-guest: APIC: send_IPI_mask() replaced with kvm_send_ipi_mask()
Jan 28 16:54:12 mbuchs kernel: kvm-guest: APIC: send_IPI_mask_allbutself() replaced with kvm_send_ipi_mask_allbutself()
Jan 28 16:54:12 mbuchs kernel: kvm-guest: setup PV IPIs
Jan 28 16:54:12 mbuchs kernel: tsc: Marking TSC unstable due to TSCs unsynchronized
Jan 28 16:54:12 mbuchs kernel: Calibrating delay loop (skipped) preset value.. 7585.66 BogoMIPS (lpj=3792832)
Jan 28 16:54:12 mbuchs kernel: x86/cpu: User Mode Instruction Prevention (UMIP) activated
Jan 28 16:54:12 mbuchs kernel: Last level iTLB entries: 4KB 512, 2MB 255, 4MB 127
Jan 28 16:54:12 mbuchs kernel: Last level dTLB entries: 4KB 512, 2MB 255, 4MB 127, 1GB 0
Jan 28 16:54:12 mbuchs kernel: mitigations: Enabled attack vectors: user_kernel, user_user, SMT mitigations: auto
Jan 28 16:54:12 mbuchs kernel: Speculative Store Bypass: Mitigation: Speculative Store Bypass disabled via prctl
Jan 28 16:54:12 mbuchs kernel: Spectre V2 : Mitigation: Enhanced / Automatic IBRS
Jan 28 16:54:12 mbuchs kernel: Speculative Return Stack Overflow: Mitigation: Safe RET
Jan 28 16:54:12 mbuchs kernel: Spectre V1 : Mitigation: usercopy/swapgs barriers and __user pointer sanitization
Jan 28 16:54:12 mbuchs kernel: Spectre V2 : mitigation: Enabling conditional Indirect Branch Prediction Barrier
Jan 28 16:54:12 mbuchs kernel: active return thunk: srso_alias_return_thunk
Jan 28 16:54:12 mbuchs kernel: x86/fpu: Supporting XSAVE feature 0x001: 'x87 floating point registers'
Jan 28 16:54:12 mbuchs kernel: x86/fpu: Supporting XSAVE feature 0x002: 'SSE registers'
Jan 28 16:54:12 mbuchs kernel: x86/fpu: Supporting XSAVE feature 0x004: 'AVX registers'
Jan 28 16:54:12 mbuchs kernel: x86/fpu: Supporting XSAVE feature 0x020: 'AVX-512 opmask'
Jan 28 16:54:12 mbuchs kernel: x86/fpu: Supporting XSAVE feature 0x040: 'AVX-512 Hi256'
Jan 28 16:54:12 mbuchs kernel: x86/fpu: Supporting XSAVE feature 0x080: 'AVX-512 ZMM_Hi256'
Jan 28 16:54:12 mbuchs kernel: x86/fpu: Supporting XSAVE feature 0x200: 'Protection Keys User registers'
Jan 28 16:54:12 mbuchs kernel: x86/fpu: xstate_offset[2]:  576, xstate_sizes[2]:  256
Jan 28 16:54:12 mbuchs kernel: x86/fpu: xstate_offset[5]:  832, xstate_sizes[5]:   64
Jan 28 16:54:12 mbuchs kernel: x86/fpu: xstate_offset[6]:  896, xstate_sizes[6]:  512
Jan 28 16:54:12 mbuchs kernel: x86/fpu: xstate_offset[7]: 1408, xstate_sizes[7]: 1024
Jan 28 16:54:12 mbuchs kernel: x86/fpu: xstate_offset[9]: 2432, xstate_sizes[9]:    8
Jan 28 16:54:12 mbuchs kernel: x86/fpu: Enabled xstate features 0x2e7, context size is 2440 bytes, using 'compacted' format.
Jan 28 16:54:12 mbuchs kernel: Freeing SMP alternatives memory: 56K
Jan 28 16:54:12 mbuchs kernel: pid_max: default: 32768 minimum: 301
Jan 28 16:54:12 mbuchs kernel: SELinux:  Initializing.
Jan 28 16:54:12 mbuchs kernel: Mount-cache hash table entries: 8192 (order: 4, 65536 bytes, linear)
Jan 28 16:54:12 mbuchs kernel: Mountpoint-cache hash table entries: 8192 (order: 4, 65536 bytes, linear)
Jan 28 16:54:12 mbuchs kernel: VFS: Finished mounting rootfs on nullfs
Jan 28 16:54:12 mbuchs kernel: smpboot: CPU0: AMD Ryzen 7 8845HS w/ Radeon 780M Graphics (family: 0x19, model: 0x75, stepping: 0x2)
Jan 28 16:54:12 mbuchs kernel: Performance Events: Fam17h+ core perfctr, AMD PMU driver.
Jan 28 16:54:12 mbuchs kernel: ... version:                   2
Jan 28 16:54:12 mbuchs kernel: ... bit width:                 48
Jan 28 16:54:12 mbuchs kernel: ... generic counters:          6
Jan 28 16:54:12 mbuchs kernel: ... generic bitmap:            000000000000003f
Jan 28 16:54:12 mbuchs kernel: ... fixed-purpose counters:    0
Jan 28 16:54:12 mbuchs kernel: ... fixed-purpose bitmap:      0000000000000000
Jan 28 16:54:12 mbuchs kernel: ... value mask:                0000ffffffffffff
Jan 28 16:54:12 mbuchs kernel: ... max period:                00007fffffffffff
Jan 28 16:54:12 mbuchs kernel: ... global_ctrl mask:          000000000000003f
Jan 28 16:54:12 mbuchs kernel: signal: max sigframe size: 3376
Jan 28 16:54:12 mbuchs kernel: rcu: Hierarchical SRCU implementation.
Jan 28 16:54:12 mbuchs kernel: rcu:         Max phase no-delay instances is 400.
Jan 28 16:54:12 mbuchs kernel: Timer migration: 1 hierarchy levels; 8 children per group; 1 crossnode level
Jan 28 16:54:12 mbuchs kernel: smp: Bringing up secondary CPUs ...
Jan 28 16:54:12 mbuchs kernel: smpboot: x86: Booting SMP configuration:
Jan 28 16:54:12 mbuchs kernel: .... node  #0, CPUs:      #1 #2 #3 #4 #5 #6 #7
Jan 28 16:54:12 mbuchs kernel: smp: Brought up 1 node, 8 CPUs
Jan 28 16:54:12 mbuchs kernel: smpboot: Total of 8 processors activated (60685.31 BogoMIPS)
Jan 28 16:54:12 mbuchs kernel: Memory: 4003468K/4193768K available (19876K kernel code, 3016K rwdata, 8012K rodata, 2916K init, 2448K bss, 183428K reserved, 0K cma-reserved)
Jan 28 16:54:12 mbuchs kernel: devtmpfs: initialized
Jan 28 16:54:12 mbuchs kernel: clocksource: jiffies: mask: 0xffffffff max_cycles: 0xffffffff, max_idle_ns: 1911260446275000 ns
Jan 28 16:54:12 mbuchs kernel: posixtimers hash table entries: 4096 (order: 4, 65536 bytes, linear)
Jan 28 16:54:12 mbuchs kernel: futex hash table entries: 2048 (131072 bytes on 1 NUMA nodes, total 128 KiB, linear).
Jan 28 16:54:12 mbuchs kernel: PM: RTC time: 15:54:18, date: 2026-01-28
Jan 28 16:54:12 mbuchs kernel: NET: Registered PF_NETLINK/PF_ROUTE protocol family
Jan 28 16:54:12 mbuchs kernel: audit: initializing netlink subsys (disabled)
Jan 28 16:54:12 mbuchs kernel: audit: type=2000 audit(1769615659.582:1): state=initialized audit_enabled=0 res=1
Jan 28 16:54:12 mbuchs kernel: thermal_sys: Registered thermal governor 'step_wise'
Jan 28 16:54:12 mbuchs kernel: cpuidle: using governor menu
Jan 28 16:54:12 mbuchs kernel: PCI: ECAM [mem 0xb0000000-0xbfffffff] (base 0xb0000000) for domain 0000 [bus 00-ff]
Jan 28 16:54:12 mbuchs kernel: PCI: ECAM [mem 0xb0000000-0xbfffffff] reserved as E820 entry
Jan 28 16:54:12 mbuchs kernel: PCI: Using configuration type 1 for base access
Jan 28 16:54:12 mbuchs kernel: kprobes: kprobe jump-optimization is enabled. All kprobes are optimized if possible.
Jan 28 16:54:12 mbuchs kernel: HugeTLB: registered 2.00 MiB page size, pre-allocated 0 pages
Jan 28 16:54:12 mbuchs kernel: HugeTLB: 28 KiB vmemmap can be freed for a 2.00 MiB page
Jan 28 16:54:12 mbuchs kernel: ACPI: Added _OSI(Module Device)
Jan 28 16:54:12 mbuchs kernel: ACPI: Added _OSI(Processor Device)
Jan 28 16:54:12 mbuchs kernel: ACPI: Added _OSI(Processor Aggregator Device)
Jan 28 16:54:12 mbuchs kernel: ACPI: 1 ACPI AML tables successfully acquired and loaded
Jan 28 16:54:12 mbuchs kernel: ACPI: \_SB_: platform _OSC: OS support mask [002a7eee]
Jan 28 16:54:12 mbuchs kernel: ACPI: Interpreter enabled
Jan 28 16:54:12 mbuchs kernel: ACPI: PM: (supports S0 S5)
Jan 28 16:54:12 mbuchs kernel: ACPI: Using IOAPIC for interrupt routing
Jan 28 16:54:12 mbuchs kernel: PCI: Using host bridge windows from ACPI; if necessary, use "pci=nocrs" and report a bug
Jan 28 16:54:12 mbuchs kernel: PCI: Using E820 reservations for host bridge windows
Jan 28 16:54:12 mbuchs kernel: ACPI: Enabled 2 GPEs in block 00 to 3F
Jan 28 16:54:12 mbuchs kernel: ACPI: PCI Root Bridge [PCI0] (domain 0000 [bus 00-ff])
Jan 28 16:54:12 mbuchs kernel: acpi PNP0A08:00: _OSC: OS supports [ExtendedConfig ASPM ClockPM Segments MSI HPX-Type3]
Jan 28 16:54:12 mbuchs kernel: acpi PNP0A08:00: _OSC: platform does not support [LTR]
Jan 28 16:54:12 mbuchs kernel: acpi PNP0A08:00: _OSC: OS now controls [PME PCIeCapability]
Jan 28 16:54:12 mbuchs kernel: PCI host bridge to bus 0000:00
Jan 28 16:54:12 mbuchs kernel: pci_bus 0000:00: root bus resource [io  0x0000-0x0cf7 window]
Jan 28 16:54:12 mbuchs kernel: pci_bus 0000:00: root bus resource [io  0x0d00-0xffff window]
Jan 28 16:54:12 mbuchs kernel: pci_bus 0000:00: root bus resource [mem 0x000a0000-0x000bffff window]
Jan 28 16:54:12 mbuchs kernel: pci_bus 0000:00: root bus resource [mem 0x80000000-0xafffffff window]
Jan 28 16:54:12 mbuchs kernel: pci_bus 0000:00: root bus resource [mem 0xc0000000-0xfebfffff window]
Jan 28 16:54:12 mbuchs kernel: pci_bus 0000:00: root bus resource [mem 0xe0000000000-0xe1c00003fff window]
Jan 28 16:54:12 mbuchs kernel: pci_bus 0000:00: root bus resource [bus 00-ff]
Jan 28 16:54:12 mbuchs kernel: pci 0000:00:00.0: [8086:29c0] type 00 class 0x060000 conventional PCI endpoint
Jan 28 16:54:12 mbuchs kernel: pci 0000:00:01.0: [1af4:1050] type 00 class 0x030000 conventional PCI endpoint
Jan 28 16:54:12 mbuchs kernel: pci 0000:00:01.0: BAR 0 [mem 0xfc000000-0xfc7fffff pref]
Jan 28 16:54:12 mbuchs kernel: pci 0000:00:01.0: BAR 2 [mem 0xe1c00000000-0xe1c00003fff 64bit pref]
Jan 28 16:54:12 mbuchs kernel: pci 0000:00:01.0: BAR 4 [mem 0xfea14000-0xfea14fff]
Jan 28 16:54:12 mbuchs kernel: pci 0000:00:01.0: ROM [mem 0xfea00000-0xfea0ffff pref]
Jan 28 16:54:12 mbuchs kernel: pci 0000:00:01.0: Video device with shadowed ROM at [mem 0x000c0000-0x000dffff]
Jan 28 16:54:12 mbuchs kernel: pci 0000:00:02.0: [1b36:000c] type 01 class 0x060400 PCIe Root Port
Jan 28 16:54:12 mbuchs kernel: pci 0000:00:02.0: BAR 0 [mem 0xfea15000-0xfea15fff]
Jan 28 16:54:12 mbuchs kernel: pci 0000:00:02.0: PCI bridge to [bus 01]
Jan 28 16:54:12 mbuchs kernel: pci 0000:00:02.0:   bridge window [io  0xc000-0xcfff]
Jan 28 16:54:12 mbuchs kernel: pci 0000:00:02.0:   bridge window [mem 0xfe800000-0xfe9fffff]
Jan 28 16:54:12 mbuchs kernel: pci 0000:00:02.0:   bridge window [mem 0xe1a00000000-0xe1bffffffff 64bit pref]
Jan 28 16:54:12 mbuchs kernel: pci 0000:00:02.0: enabling Extended Tags
Jan 28 16:54:12 mbuchs kernel: pci 0000:00:02.1: [1b36:000c] type 01 class 0x060400 PCIe Root Port
Jan 28 16:54:12 mbuchs kernel: pci 0000:00:02.1: BAR 0 [mem 0xfea16000-0xfea16fff]
Jan 28 16:54:12 mbuchs kernel: pci 0000:00:02.1: PCI bridge to [bus 02]
Jan 28 16:54:12 mbuchs kernel: pci 0000:00:02.1:   bridge window [mem 0xfe600000-0xfe7fffff]
Jan 28 16:54:12 mbuchs kernel: pci 0000:00:02.1:   bridge window [mem 0xe1800000000-0xe19ffffffff 64bit pref]
Jan 28 16:54:12 mbuchs kernel: pci 0000:00:02.1: enabling Extended Tags
Jan 28 16:54:12 mbuchs kernel: pci 0000:00:02.2: [1b36:000c] type 01 class 0x060400 PCIe Root Port
Jan 28 16:54:12 mbuchs kernel: pci 0000:00:02.2: BAR 0 [mem 0xfea17000-0xfea17fff]
Jan 28 16:54:12 mbuchs kernel: pci 0000:00:02.2: PCI bridge to [bus 03]
Jan 28 16:54:12 mbuchs kernel: pci 0000:00:02.2:   bridge window [mem 0xfe400000-0xfe5fffff]
Jan 28 16:54:12 mbuchs kernel: pci 0000:00:02.2:   bridge window [mem 0xe1600000000-0xe17ffffffff 64bit pref]
Jan 28 16:54:12 mbuchs kernel: pci 0000:00:02.2: enabling Extended Tags
Jan 28 16:54:12 mbuchs kernel: pci 0000:00:02.3: [1b36:000c] type 01 class 0x060400 PCIe Root Port
Jan 28 16:54:12 mbuchs kernel: pci 0000:00:02.3: BAR 0 [mem 0xfea18000-0xfea18fff]
Jan 28 16:54:12 mbuchs kernel: pci 0000:00:02.3: PCI bridge to [bus 04]
Jan 28 16:54:12 mbuchs kernel: pci 0000:00:02.3:   bridge window [mem 0xfe200000-0xfe3fffff]
Jan 28 16:54:12 mbuchs kernel: pci 0000:00:02.3:   bridge window [mem 0xe1400000000-0xe15ffffffff 64bit pref]
Jan 28 16:54:12 mbuchs kernel: pci 0000:00:02.3: enabling Extended Tags
Jan 28 16:54:12 mbuchs kernel: pci 0000:00:02.4: [1b36:000c] type 01 class 0x060400 PCIe Root Port
Jan 28 16:54:12 mbuchs kernel: pci 0000:00:02.4: BAR 0 [mem 0xfea19000-0xfea19fff]
Jan 28 16:54:12 mbuchs kernel: pci 0000:00:02.4: PCI bridge to [bus 05]
Jan 28 16:54:12 mbuchs kernel: pci 0000:00:02.4:   bridge window [mem 0xfe000000-0xfe1fffff]
Jan 28 16:54:12 mbuchs kernel: pci 0000:00:02.4:   bridge window [mem 0xe1200000000-0xe13ffffffff 64bit pref]
Jan 28 16:54:12 mbuchs kernel: pci 0000:00:02.4: enabling Extended Tags
Jan 28 16:54:12 mbuchs kernel: pci 0000:00:02.5: [1b36:000c] type 01 class 0x060400 PCIe Root Port
Jan 28 16:54:12 mbuchs kernel: pci 0000:00:02.5: BAR 0 [mem 0xfea1a000-0xfea1afff]
Jan 28 16:54:12 mbuchs kernel: pci 0000:00:02.5: PCI bridge to [bus 06]
Jan 28 16:54:12 mbuchs kernel: pci 0000:00:02.5:   bridge window [mem 0xfde00000-0xfdffffff]
Jan 28 16:54:12 mbuchs kernel: pci 0000:00:02.5:   bridge window [mem 0xe1000000000-0xe11ffffffff 64bit pref]
Jan 28 16:54:12 mbuchs kernel: pci 0000:00:02.5: enabling Extended Tags
Jan 28 16:54:12 mbuchs kernel: pci 0000:00:02.6: [1b36:000c] type 01 class 0x060400 PCIe Root Port
Jan 28 16:54:12 mbuchs kernel: pci 0000:00:02.6: BAR 0 [mem 0xfea1b000-0xfea1bfff]
Jan 28 16:54:12 mbuchs kernel: pci 0000:00:02.6: PCI bridge to [bus 07]
Jan 28 16:54:12 mbuchs kernel: pci 0000:00:02.6:   bridge window [mem 0xfdc00000-0xfddfffff]
Jan 28 16:54:12 mbuchs kernel: pci 0000:00:02.6:   bridge window [mem 0xe0e00000000-0xe0fffffffff 64bit pref]
Jan 28 16:54:12 mbuchs kernel: pci 0000:00:02.6: enabling Extended Tags
Jan 28 16:54:12 mbuchs kernel: pci 0000:00:02.7: [1b36:000c] type 01 class 0x060400 PCIe Root Port
Jan 28 16:54:12 mbuchs kernel: pci 0000:00:02.7: BAR 0 [mem 0xfea1c000-0xfea1cfff]
Jan 28 16:54:12 mbuchs kernel: pci 0000:00:02.7: PCI bridge to [bus 08]
Jan 28 16:54:12 mbuchs kernel: pci 0000:00:02.7:   bridge window [mem 0xfda00000-0xfdbfffff]
Jan 28 16:54:12 mbuchs kernel: pci 0000:00:02.7:   bridge window [mem 0xe0c00000000-0xe0dffffffff 64bit pref]
Jan 28 16:54:12 mbuchs kernel: pci 0000:00:02.7: enabling Extended Tags
Jan 28 16:54:12 mbuchs kernel: pci 0000:00:03.0: [1b36:000c] type 01 class 0x060400 PCIe Root Port
Jan 28 16:54:12 mbuchs kernel: pci 0000:00:03.0: BAR 0 [mem 0xfea1d000-0xfea1dfff]
Jan 28 16:54:12 mbuchs kernel: pci 0000:00:03.0: PCI bridge to [bus 09]
Jan 28 16:54:12 mbuchs kernel: pci 0000:00:03.0:   bridge window [mem 0xfd800000-0xfd9fffff]
Jan 28 16:54:12 mbuchs kernel: pci 0000:00:03.0:   bridge window [mem 0xe0a00000000-0xe0bffffffff 64bit pref]
Jan 28 16:54:12 mbuchs kernel: pci 0000:00:03.0: enabling Extended Tags
Jan 28 16:54:12 mbuchs kernel: pci 0000:00:03.1: [1b36:000c] type 01 class 0x060400 PCIe Root Port
Jan 28 16:54:12 mbuchs kernel: pci 0000:00:03.1: BAR 0 [mem 0xfea1e000-0xfea1efff]
Jan 28 16:54:12 mbuchs kernel: pci 0000:00:03.1: PCI bridge to [bus 0a]
Jan 28 16:54:12 mbuchs kernel: pci 0000:00:03.1:   bridge window [mem 0xfd600000-0xfd7fffff]
Jan 28 16:54:12 mbuchs kernel: pci 0000:00:03.1:   bridge window [mem 0xe0800000000-0xe09ffffffff 64bit pref]
Jan 28 16:54:12 mbuchs kernel: pci 0000:00:03.1: enabling Extended Tags
Jan 28 16:54:12 mbuchs kernel: pci 0000:00:03.2: [1b36:000c] type 01 class 0x060400 PCIe Root Port
Jan 28 16:54:12 mbuchs kernel: pci 0000:00:03.2: BAR 0 [mem 0xfea1f000-0xfea1ffff]
Jan 28 16:54:12 mbuchs kernel: pci 0000:00:03.2: PCI bridge to [bus 0b]
Jan 28 16:54:12 mbuchs kernel: pci 0000:00:03.2:   bridge window [mem 0xfd400000-0xfd5fffff]
Jan 28 16:54:12 mbuchs kernel: pci 0000:00:03.2:   bridge window [mem 0xe0600000000-0xe07ffffffff 64bit pref]
Jan 28 16:54:12 mbuchs kernel: pci 0000:00:03.2: enabling Extended Tags
Jan 28 16:54:12 mbuchs kernel: pci 0000:00:03.3: [1b36:000c] type 01 class 0x060400 PCIe Root Port
Jan 28 16:54:12 mbuchs kernel: pci 0000:00:03.3: BAR 0 [mem 0xfea20000-0xfea20fff]
Jan 28 16:54:12 mbuchs kernel: pci 0000:00:03.3: PCI bridge to [bus 0c]
Jan 28 16:54:12 mbuchs kernel: pci 0000:00:03.3:   bridge window [mem 0xfd200000-0xfd3fffff]
Jan 28 16:54:12 mbuchs kernel: pci 0000:00:03.3:   bridge window [mem 0xe0400000000-0xe05ffffffff 64bit pref]
Jan 28 16:54:12 mbuchs kernel: pci 0000:00:03.3: enabling Extended Tags
Jan 28 16:54:12 mbuchs kernel: pci 0000:00:03.4: [1b36:000c] type 01 class 0x060400 PCIe Root Port
Jan 28 16:54:12 mbuchs kernel: pci 0000:00:03.4: BAR 0 [mem 0xfea21000-0xfea21fff]
Jan 28 16:54:12 mbuchs kernel: pci 0000:00:03.4: PCI bridge to [bus 0d]
Jan 28 16:54:12 mbuchs kernel: pci 0000:00:03.4:   bridge window [mem 0xfd000000-0xfd1fffff]
Jan 28 16:54:12 mbuchs kernel: pci 0000:00:03.4:   bridge window [mem 0xe0200000000-0xe03ffffffff 64bit pref]
Jan 28 16:54:12 mbuchs kernel: pci 0000:00:03.4: enabling Extended Tags
Jan 28 16:54:12 mbuchs kernel: pci 0000:00:03.5: [1b36:000c] type 01 class 0x060400 PCIe Root Port
Jan 28 16:54:12 mbuchs kernel: pci 0000:00:03.5: BAR 0 [mem 0xfea22000-0xfea22fff]
Jan 28 16:54:12 mbuchs kernel: pci 0000:00:03.5: PCI bridge to [bus 0e]
Jan 28 16:54:12 mbuchs kernel: pci 0000:00:03.5:   bridge window [mem 0xfce00000-0xfcffffff]
Jan 28 16:54:12 mbuchs kernel: pci 0000:00:03.5:   bridge window [mem 0xe0000000000-0xe01ffffffff 64bit pref]
Jan 28 16:54:12 mbuchs kernel: pci 0000:00:03.5: enabling Extended Tags
Jan 28 16:54:12 mbuchs kernel: pci 0000:00:1b.0: [8086:293e] type 00 class 0x040300 conventional PCI endpoint
Jan 28 16:54:12 mbuchs kernel: pci 0000:00:1b.0: BAR 0 [mem 0xfea10000-0xfea13fff]
Jan 28 16:54:12 mbuchs kernel: pci 0000:00:1f.0: [8086:2918] type 00 class 0x060100 conventional PCI endpoint
Jan 28 16:54:12 mbuchs kernel: pci 0000:00:1f.0: quirk: [io  0x0600-0x067f] claimed by ICH6 ACPI/GPIO/TCO
Jan 28 16:54:12 mbuchs kernel: pci 0000:00:1f.2: [8086:2922] type 00 class 0x010601 conventional PCI endpoint
Jan 28 16:54:12 mbuchs kernel: pci 0000:00:1f.2: BAR 4 [io  0xd040-0xd05f]
Jan 28 16:54:12 mbuchs kernel: pci 0000:00:1f.2: BAR 5 [mem 0xfea23000-0xfea23fff]
Jan 28 16:54:12 mbuchs kernel: pci 0000:00:1f.3: [8086:2930] type 00 class 0x0c0500 conventional PCI endpoint
Jan 28 16:54:12 mbuchs kernel: pci 0000:00:1f.3: BAR 4 [io  0x0700-0x073f]
Jan 28 16:54:12 mbuchs kernel: pci 0000:01:00.0: [8086:10d3] type 00 class 0x020000 PCIe Endpoint
Jan 28 16:54:12 mbuchs kernel: pci 0000:01:00.0: BAR 0 [mem 0xfe840000-0xfe85ffff]
Jan 28 16:54:12 mbuchs kernel: pci 0000:01:00.0: BAR 1 [mem 0xfe860000-0xfe87ffff]
Jan 28 16:54:12 mbuchs kernel: pci 0000:01:00.0: BAR 2 [io  0xc000-0xc01f]
Jan 28 16:54:12 mbuchs kernel: pci 0000:01:00.0: BAR 3 [mem 0xfe880000-0xfe883fff]
Jan 28 16:54:12 mbuchs kernel: pci 0000:01:00.0: ROM [mem 0xfe800000-0xfe83ffff pref]
Jan 28 16:54:12 mbuchs kernel: pci 0000:01:00.0: enabling Extended Tags
Jan 28 16:54:12 mbuchs kernel: pci 0000:00:02.0: PCI bridge to [bus 01]
Jan 28 16:54:12 mbuchs kernel: pci 0000:02:00.0: [1b36:000d] type 00 class 0x0c0330 PCIe Endpoint
Jan 28 16:54:12 mbuchs kernel: pci 0000:02:00.0: BAR 0 [mem 0xfe600000-0xfe603fff 64bit]
Jan 28 16:54:12 mbuchs kernel: pci 0000:02:00.0: enabling Extended Tags
Jan 28 16:54:12 mbuchs kernel: pci 0000:00:02.1: PCI bridge to [bus 02]
Jan 28 16:54:12 mbuchs kernel: pci 0000:03:00.0: [1af4:1043] type 00 class 0x078000 PCIe Endpoint
Jan 28 16:54:12 mbuchs kernel: pci 0000:03:00.0: BAR 1 [mem 0xfe400000-0xfe400fff]
Jan 28 16:54:12 mbuchs kernel: pci 0000:03:00.0: BAR 4 [mem 0xe1600000000-0xe1600003fff 64bit pref]
Jan 28 16:54:12 mbuchs kernel: pci 0000:03:00.0: enabling Extended Tags
Jan 28 16:54:12 mbuchs kernel: pci 0000:00:02.2: PCI bridge to [bus 03]
Jan 28 16:54:12 mbuchs kernel: pci 0000:04:00.0: [1af4:1042] type 00 class 0x010000 PCIe Endpoint
Jan 28 16:54:12 mbuchs kernel: pci 0000:04:00.0: BAR 1 [mem 0xfe200000-0xfe200fff]
Jan 28 16:54:12 mbuchs kernel: pci 0000:04:00.0: BAR 4 [mem 0xe1400000000-0xe1400003fff 64bit pref]
Jan 28 16:54:12 mbuchs kernel: pci 0000:04:00.0: enabling Extended Tags
Jan 28 16:54:12 mbuchs kernel: pci 0000:00:02.3: PCI bridge to [bus 04]
Jan 28 16:54:12 mbuchs kernel: pci 0000:05:00.0: [1af4:1045] type 00 class 0x00ff00 PCIe Endpoint
Jan 28 16:54:12 mbuchs kernel: pci 0000:05:00.0: BAR 1 [mem 0xfe000000-0xfe000fff]
Jan 28 16:54:12 mbuchs kernel: pci 0000:05:00.0: BAR 4 [mem 0xe1200000000-0xe1200003fff 64bit pref]
Jan 28 16:54:12 mbuchs kernel: pci 0000:05:00.0: enabling Extended Tags
Jan 28 16:54:12 mbuchs kernel: pci 0000:00:02.4: PCI bridge to [bus 05]
Jan 28 16:54:12 mbuchs kernel: pci 0000:06:00.0: [1af4:1044] type 00 class 0x00ff00 PCIe Endpoint
Jan 28 16:54:12 mbuchs kernel: pci 0000:06:00.0: BAR 1 [mem 0xfde00000-0xfde00fff]
Jan 28 16:54:12 mbuchs kernel: pci 0000:06:00.0: BAR 4 [mem 0xe1000000000-0xe1000003fff 64bit pref]
Jan 28 16:54:12 mbuchs kernel: pci 0000:06:00.0: enabling Extended Tags
Jan 28 16:54:12 mbuchs kernel: pci 0000:00:02.5: PCI bridge to [bus 06]
Jan 28 16:54:12 mbuchs kernel: pci 0000:07:00.0: [1af4:1049] type 00 class 0x000200 PCIe Endpoint
Jan 28 16:54:12 mbuchs kernel: pci 0000:07:00.0: BAR 1 [mem 0xfdc00000-0xfdc00fff]
Jan 28 16:54:12 mbuchs kernel: pci 0000:07:00.0: BAR 4 [mem 0xe0e00000000-0xe0e00003fff 64bit pref]
Jan 28 16:54:12 mbuchs kernel: pci 0000:07:00.0: enabling Extended Tags
Jan 28 16:54:12 mbuchs kernel: pci 0000:00:02.6: PCI bridge to [bus 07]
Jan 28 16:54:12 mbuchs kernel: pci 0000:00:02.7: PCI bridge to [bus 08]
Jan 28 16:54:12 mbuchs kernel: pci 0000:00:03.0: PCI bridge to [bus 09]
Jan 28 16:54:12 mbuchs kernel: pci 0000:00:03.1: PCI bridge to [bus 0a]
Jan 28 16:54:12 mbuchs kernel: pci 0000:00:03.2: PCI bridge to [bus 0b]
Jan 28 16:54:12 mbuchs kernel: pci 0000:00:03.3: PCI bridge to [bus 0c]
Jan 28 16:54:12 mbuchs kernel: pci 0000:00:03.4: PCI bridge to [bus 0d]
Jan 28 16:54:12 mbuchs kernel: pci 0000:00:03.5: PCI bridge to [bus 0e]
Jan 28 16:54:12 mbuchs kernel: ACPI: PCI: Interrupt link LNKA configured for IRQ 10
Jan 28 16:54:12 mbuchs kernel: ACPI: PCI: Interrupt link LNKB configured for IRQ 10
Jan 28 16:54:12 mbuchs kernel: ACPI: PCI: Interrupt link LNKC configured for IRQ 11
Jan 28 16:54:12 mbuchs kernel: ACPI: PCI: Interrupt link LNKD configured for IRQ 11
Jan 28 16:54:12 mbuchs kernel: ACPI: PCI: Interrupt link LNKE configured for IRQ 10
Jan 28 16:54:12 mbuchs kernel: ACPI: PCI: Interrupt link LNKF configured for IRQ 10
Jan 28 16:54:12 mbuchs kernel: ACPI: PCI: Interrupt link LNKG configured for IRQ 11
Jan 28 16:54:12 mbuchs kernel: ACPI: PCI: Interrupt link LNKH configured for IRQ 11
Jan 28 16:54:12 mbuchs kernel: ACPI: PCI: Interrupt link GSIA configured for IRQ 16
Jan 28 16:54:12 mbuchs kernel: ACPI: PCI: Interrupt link GSIB configured for IRQ 17
Jan 28 16:54:12 mbuchs kernel: ACPI: PCI: Interrupt link GSIC configured for IRQ 18
Jan 28 16:54:12 mbuchs kernel: ACPI: PCI: Interrupt link GSID configured for IRQ 19
Jan 28 16:54:12 mbuchs kernel: ACPI: PCI: Interrupt link GSIE configured for IRQ 20
Jan 28 16:54:12 mbuchs kernel: ACPI: PCI: Interrupt link GSIF configured for IRQ 21
Jan 28 16:54:12 mbuchs kernel: ACPI: PCI: Interrupt link GSIG configured for IRQ 22
Jan 28 16:54:12 mbuchs kernel: ACPI: PCI: Interrupt link GSIH configured for IRQ 23
Jan 28 16:54:12 mbuchs kernel: iommu: Default domain type: Translated
Jan 28 16:54:12 mbuchs kernel: iommu: DMA domain TLB invalidation policy: lazy mode
Jan 28 16:54:12 mbuchs kernel: SCSI subsystem initialized
Jan 28 16:54:12 mbuchs kernel: libata version 3.00 loaded.
Jan 28 16:54:12 mbuchs kernel: ACPI: bus type USB registered
Jan 28 16:54:12 mbuchs kernel: usbcore: registered new interface driver usbfs
Jan 28 16:54:12 mbuchs kernel: usbcore: registered new interface driver hub
Jan 28 16:54:12 mbuchs kernel: usbcore: registered new device driver usb
Jan 28 16:54:12 mbuchs kernel: pps_core: LinuxPPS API ver. 1 registered
Jan 28 16:54:12 mbuchs kernel: pps_core: Software ver. 5.3.6 - Copyright 2005-2007 Rodolfo Giometti <giometti@linux.it>
Jan 28 16:54:12 mbuchs kernel: PTP clock support registered
Jan 28 16:54:12 mbuchs kernel: Advanced Linux Sound Architecture Driver Initialized.
Jan 28 16:54:12 mbuchs kernel: NetLabel: Initializing
Jan 28 16:54:12 mbuchs kernel: NetLabel:  domain hash size = 128
Jan 28 16:54:12 mbuchs kernel: NetLabel:  protocols = UNLABELED CIPSOv4 CALIPSO
Jan 28 16:54:12 mbuchs kernel: NetLabel:  unlabeled traffic allowed by default
Jan 28 16:54:12 mbuchs kernel: PCI: Using ACPI for IRQ routing
Jan 28 16:54:12 mbuchs kernel: PCI: pci_cache_line_size set to 64 bytes
Jan 28 16:54:12 mbuchs kernel: e820: register RAM buffer resource [mem 0x0009fc00-0x0009ffff]
Jan 28 16:54:12 mbuchs kernel: e820: register RAM buffer resource [mem 0x7ffdc000-0x7fffffff]
Jan 28 16:54:12 mbuchs kernel: pci 0000:00:01.0: vgaarb: setting as boot VGA device
Jan 28 16:54:12 mbuchs kernel: pci 0000:00:01.0: vgaarb: bridge control possible
Jan 28 16:54:12 mbuchs kernel: pci 0000:00:01.0: vgaarb: VGA device added: decodes=io+mem,owns=io+mem,locks=none
Jan 28 16:54:12 mbuchs kernel: vgaarb: loaded
Jan 28 16:54:12 mbuchs kernel: clocksource: Switched to clocksource kvm-clock
Jan 28 16:54:12 mbuchs kernel: VFS: Disk quotas dquot_6.6.0
Jan 28 16:54:12 mbuchs kernel: VFS: Dquot-cache hash table entries: 512 (order 0, 4096 bytes)
Jan 28 16:54:12 mbuchs kernel: acpi PNP0C01:00: Reserved [mem 0xb0000000-0xbfffffff]
Jan 28 16:54:12 mbuchs kernel: pnp: PnP ACPI init
Jan 28 16:54:12 mbuchs kernel: pnp: PnP ACPI: found 4 devices
Jan 28 16:54:12 mbuchs kernel: clocksource: acpi_pm: mask: 0xffffff max_cycles: 0xffffff, max_idle_ns: 2085701024 ns
Jan 28 16:54:12 mbuchs kernel: NET: Registered PF_INET protocol family
Jan 28 16:54:12 mbuchs kernel: IP idents hash table entries: 65536 (order: 7, 524288 bytes, linear)
Jan 28 16:54:12 mbuchs kernel: tcp_listen_portaddr_hash hash table entries: 2048 (order: 3, 32768 bytes, linear)
Jan 28 16:54:12 mbuchs kernel: Table-perturb hash table entries: 65536 (order: 6, 262144 bytes, linear)
Jan 28 16:54:12 mbuchs kernel: TCP established hash table entries: 32768 (order: 6, 262144 bytes, linear)
Jan 28 16:54:12 mbuchs kernel: TCP bind hash table entries: 32768 (order: 8, 1048576 bytes, linear)
Jan 28 16:54:12 mbuchs kernel: TCP: Hash tables configured (established 32768 bind 32768)
Jan 28 16:54:12 mbuchs kernel: UDP hash table entries: 2048 (order: 5, 131072 bytes, linear)
Jan 28 16:54:12 mbuchs kernel: UDP-Lite hash table entries: 2048 (order: 5, 131072 bytes, linear)
Jan 28 16:54:12 mbuchs kernel: NET: Registered PF_UNIX/PF_LOCAL protocol family
Jan 28 16:54:12 mbuchs kernel: RPC: Registered named UNIX socket transport module.
Jan 28 16:54:12 mbuchs kernel: RPC: Registered udp transport module.
Jan 28 16:54:12 mbuchs kernel: RPC: Registered tcp transport module.
Jan 28 16:54:12 mbuchs kernel: RPC: Registered tcp-with-tls transport module.
Jan 28 16:54:12 mbuchs kernel: RPC: Registered tcp NFSv4.1 backchannel transport module.
Jan 28 16:54:12 mbuchs kernel: pci 0000:00:02.1: bridge window [io  0x1000-0x0fff] to [bus 02] add_size 1000
Jan 28 16:54:12 mbuchs kernel: pci 0000:00:02.2: bridge window [io  0x1000-0x0fff] to [bus 03] add_size 1000
Jan 28 16:54:12 mbuchs kernel: pci 0000:00:02.3: bridge window [io  0x1000-0x0fff] to [bus 04] add_size 1000
Jan 28 16:54:12 mbuchs kernel: pci 0000:00:02.4: bridge window [io  0x1000-0x0fff] to [bus 05] add_size 1000
Jan 28 16:54:12 mbuchs kernel: pci 0000:00:02.5: bridge window [io  0x1000-0x0fff] to [bus 06] add_size 1000
Jan 28 16:54:12 mbuchs kernel: pci 0000:00:02.6: bridge window [io  0x1000-0x0fff] to [bus 07] add_size 1000
Jan 28 16:54:12 mbuchs kernel: pci 0000:00:02.7: bridge window [io  0x1000-0x0fff] to [bus 08] add_size 1000
Jan 28 16:54:12 mbuchs kernel: pci 0000:00:03.0: bridge window [io  0x1000-0x0fff] to [bus 09] add_size 1000
Jan 28 16:54:12 mbuchs kernel: pci 0000:00:03.1: bridge window [io  0x1000-0x0fff] to [bus 0a] add_size 1000
Jan 28 16:54:12 mbuchs kernel: pci 0000:00:03.2: bridge window [io  0x1000-0x0fff] to [bus 0b] add_size 1000
Jan 28 16:54:12 mbuchs kernel: pci 0000:00:03.3: bridge window [io  0x1000-0x0fff] to [bus 0c] add_size 1000
Jan 28 16:54:12 mbuchs kernel: pci 0000:00:03.4: bridge window [io  0x1000-0x0fff] to [bus 0d] add_size 1000
Jan 28 16:54:12 mbuchs kernel: pci 0000:00:03.5: bridge window [io  0x1000-0x0fff] to [bus 0e] add_size 1000
Jan 28 16:54:12 mbuchs kernel: pci 0000:00:02.1: bridge window [io  0x1000-0x1fff]: assigned
Jan 28 16:54:12 mbuchs kernel: pci 0000:00:02.2: bridge window [io  0x2000-0x2fff]: assigned
Jan 28 16:54:12 mbuchs kernel: pci 0000:00:02.3: bridge window [io  0x3000-0x3fff]: assigned
Jan 28 16:54:12 mbuchs kernel: pci 0000:00:02.4: bridge window [io  0x4000-0x4fff]: assigned
Jan 28 16:54:12 mbuchs kernel: pci 0000:00:02.5: bridge window [io  0x5000-0x5fff]: assigned
Jan 28 16:54:12 mbuchs kernel: pci 0000:00:02.6: bridge window [io  0x6000-0x6fff]: assigned
Jan 28 16:54:12 mbuchs kernel: pci 0000:00:02.7: bridge window [io  0x7000-0x7fff]: assigned
Jan 28 16:54:12 mbuchs kernel: pci 0000:00:03.0: bridge window [io  0x8000-0x8fff]: assigned
Jan 28 16:54:12 mbuchs kernel: pci 0000:00:03.1: bridge window [io  0x9000-0x9fff]: assigned
Jan 28 16:54:12 mbuchs kernel: pci 0000:00:03.2: bridge window [io  0xa000-0xafff]: assigned
Jan 28 16:54:12 mbuchs kernel: pci 0000:00:03.3: bridge window [io  0xb000-0xbfff]: assigned
Jan 28 16:54:12 mbuchs kernel: pci 0000:00:03.4: bridge window [io  0xe000-0xefff]: assigned
Jan 28 16:54:12 mbuchs kernel: pci 0000:00:03.5: bridge window [io  0xf000-0xffff]: assigned
Jan 28 16:54:12 mbuchs kernel: pci 0000:00:02.0: PCI bridge to [bus 01]
Jan 28 16:54:12 mbuchs kernel: pci 0000:00:02.0:   bridge window [io  0xc000-0xcfff]
Jan 28 16:54:12 mbuchs kernel: pci 0000:00:02.0:   bridge window [mem 0xfe800000-0xfe9fffff]
Jan 28 16:54:12 mbuchs kernel: pci 0000:00:02.0:   bridge window [mem 0xe1a00000000-0xe1bffffffff 64bit pref]
Jan 28 16:54:12 mbuchs kernel: pci 0000:00:02.1: PCI bridge to [bus 02]
Jan 28 16:54:12 mbuchs kernel: pci 0000:00:02.1:   bridge window [io  0x1000-0x1fff]
Jan 28 16:54:12 mbuchs kernel: pci 0000:00:02.1:   bridge window [mem 0xfe600000-0xfe7fffff]
Jan 28 16:54:12 mbuchs kernel: pci 0000:00:02.1:   bridge window [mem 0xe1800000000-0xe19ffffffff 64bit pref]
Jan 28 16:54:12 mbuchs kernel: pci 0000:00:02.2: PCI bridge to [bus 03]
Jan 28 16:54:12 mbuchs kernel: pci 0000:00:02.2:   bridge window [io  0x2000-0x2fff]
Jan 28 16:54:12 mbuchs kernel: pci 0000:00:02.2:   bridge window [mem 0xfe400000-0xfe5fffff]
Jan 28 16:54:12 mbuchs kernel: pci 0000:00:02.2:   bridge window [mem 0xe1600000000-0xe17ffffffff 64bit pref]
Jan 28 16:54:12 mbuchs kernel: pci 0000:00:02.3: PCI bridge to [bus 04]
Jan 28 16:54:12 mbuchs kernel: pci 0000:00:02.3:   bridge window [io  0x3000-0x3fff]
Jan 28 16:54:12 mbuchs kernel: pci 0000:00:02.3:   bridge window [mem 0xfe200000-0xfe3fffff]
Jan 28 16:54:12 mbuchs kernel: pci 0000:00:02.3:   bridge window [mem 0xe1400000000-0xe15ffffffff 64bit pref]
Jan 28 16:54:12 mbuchs kernel: pci 0000:00:02.4: PCI bridge to [bus 05]
Jan 28 16:54:12 mbuchs kernel: pci 0000:00:02.4:   bridge window [io  0x4000-0x4fff]
Jan 28 16:54:12 mbuchs kernel: pci 0000:00:02.4:   bridge window [mem 0xfe000000-0xfe1fffff]
Jan 28 16:54:12 mbuchs kernel: pci 0000:00:02.4:   bridge window [mem 0xe1200000000-0xe13ffffffff 64bit pref]
Jan 28 16:54:12 mbuchs kernel: pci 0000:00:02.5: PCI bridge to [bus 06]
Jan 28 16:54:12 mbuchs kernel: pci 0000:00:02.5:   bridge window [io  0x5000-0x5fff]
Jan 28 16:54:12 mbuchs kernel: pci 0000:00:02.5:   bridge window [mem 0xfde00000-0xfdffffff]
Jan 28 16:54:12 mbuchs kernel: pci 0000:00:02.5:   bridge window [mem 0xe1000000000-0xe11ffffffff 64bit pref]
Jan 28 16:54:12 mbuchs kernel: pci 0000:00:02.6: PCI bridge to [bus 07]
Jan 28 16:54:12 mbuchs kernel: pci 0000:00:02.6:   bridge window [io  0x6000-0x6fff]
Jan 28 16:54:12 mbuchs kernel: pci 0000:00:02.6:   bridge window [mem 0xfdc00000-0xfddfffff]
Jan 28 16:54:12 mbuchs kernel: pci 0000:00:02.6:   bridge window [mem 0xe0e00000000-0xe0fffffffff 64bit pref]
Jan 28 16:54:12 mbuchs kernel: pci 0000:00:02.7: PCI bridge to [bus 08]
Jan 28 16:54:12 mbuchs kernel: pci 0000:00:02.7:   bridge window [io  0x7000-0x7fff]
Jan 28 16:54:12 mbuchs kernel: pci 0000:00:02.7:   bridge window [mem 0xfda00000-0xfdbfffff]
Jan 28 16:54:12 mbuchs kernel: pci 0000:00:02.7:   bridge window [mem 0xe0c00000000-0xe0dffffffff 64bit pref]
Jan 28 16:54:12 mbuchs kernel: pci 0000:00:03.0: PCI bridge to [bus 09]
Jan 28 16:54:12 mbuchs kernel: pci 0000:00:03.0:   bridge window [io  0x8000-0x8fff]
Jan 28 16:54:12 mbuchs kernel: pci 0000:00:03.0:   bridge window [mem 0xfd800000-0xfd9fffff]
Jan 28 16:54:12 mbuchs kernel: pci 0000:00:03.0:   bridge window [mem 0xe0a00000000-0xe0bffffffff 64bit pref]
Jan 28 16:54:12 mbuchs kernel: pci 0000:00:03.1: PCI bridge to [bus 0a]
Jan 28 16:54:12 mbuchs kernel: pci 0000:00:03.1:   bridge window [io  0x9000-0x9fff]
Jan 28 16:54:12 mbuchs kernel: pci 0000:00:03.1:   bridge window [mem 0xfd600000-0xfd7fffff]
Jan 28 16:54:12 mbuchs kernel: pci 0000:00:03.1:   bridge window [mem 0xe0800000000-0xe09ffffffff 64bit pref]
Jan 28 16:54:12 mbuchs kernel: pci 0000:00:03.2: PCI bridge to [bus 0b]
Jan 28 16:54:12 mbuchs kernel: pci 0000:00:03.2:   bridge window [io  0xa000-0xafff]
Jan 28 16:54:12 mbuchs kernel: pci 0000:00:03.2:   bridge window [mem 0xfd400000-0xfd5fffff]
Jan 28 16:54:12 mbuchs kernel: pci 0000:00:03.2:   bridge window [mem 0xe0600000000-0xe07ffffffff 64bit pref]
Jan 28 16:54:12 mbuchs kernel: pci 0000:00:03.3: PCI bridge to [bus 0c]
Jan 28 16:54:12 mbuchs kernel: pci 0000:00:03.3:   bridge window [io  0xb000-0xbfff]
Jan 28 16:54:12 mbuchs kernel: pci 0000:00:03.3:   bridge window [mem 0xfd200000-0xfd3fffff]
Jan 28 16:54:12 mbuchs kernel: pci 0000:00:03.3:   bridge window [mem 0xe0400000000-0xe05ffffffff 64bit pref]
Jan 28 16:54:12 mbuchs kernel: pci 0000:00:03.4: PCI bridge to [bus 0d]
Jan 28 16:54:12 mbuchs kernel: pci 0000:00:03.4:   bridge window [io  0xe000-0xefff]
Jan 28 16:54:12 mbuchs kernel: pci 0000:00:03.4:   bridge window [mem 0xfd000000-0xfd1fffff]
Jan 28 16:54:12 mbuchs kernel: pci 0000:00:03.4:   bridge window [mem 0xe0200000000-0xe03ffffffff 64bit pref]
Jan 28 16:54:12 mbuchs kernel: pci 0000:00:03.5: PCI bridge to [bus 0e]
Jan 28 16:54:12 mbuchs kernel: pci 0000:00:03.5:   bridge window [io  0xf000-0xffff]
Jan 28 16:54:12 mbuchs kernel: pci 0000:00:03.5:   bridge window [mem 0xfce00000-0xfcffffff]
Jan 28 16:54:12 mbuchs kernel: pci 0000:00:03.5:   bridge window [mem 0xe0000000000-0xe01ffffffff 64bit pref]
Jan 28 16:54:12 mbuchs kernel: pci_bus 0000:00: resource 4 [io  0x0000-0x0cf7 window]
Jan 28 16:54:12 mbuchs kernel: pci_bus 0000:00: resource 5 [io  0x0d00-0xffff window]
Jan 28 16:54:12 mbuchs kernel: pci_bus 0000:00: resource 6 [mem 0x000a0000-0x000bffff window]
Jan 28 16:54:12 mbuchs kernel: pci_bus 0000:00: resource 7 [mem 0x80000000-0xafffffff window]
Jan 28 16:54:12 mbuchs kernel: pci_bus 0000:00: resource 8 [mem 0xc0000000-0xfebfffff window]
Jan 28 16:54:12 mbuchs kernel: pci_bus 0000:00: resource 9 [mem 0xe0000000000-0xe1c00003fff window]
Jan 28 16:54:12 mbuchs kernel: pci_bus 0000:01: resource 0 [io  0xc000-0xcfff]
Jan 28 16:54:12 mbuchs kernel: pci_bus 0000:01: resource 1 [mem 0xfe800000-0xfe9fffff]
Jan 28 16:54:12 mbuchs kernel: pci_bus 0000:01: resource 2 [mem 0xe1a00000000-0xe1bffffffff 64bit pref]
Jan 28 16:54:12 mbuchs kernel: pci_bus 0000:02: resource 0 [io  0x1000-0x1fff]
Jan 28 16:54:12 mbuchs kernel: pci_bus 0000:02: resource 1 [mem 0xfe600000-0xfe7fffff]
Jan 28 16:54:12 mbuchs kernel: pci_bus 0000:02: resource 2 [mem 0xe1800000000-0xe19ffffffff 64bit pref]
Jan 28 16:54:12 mbuchs kernel: pci_bus 0000:03: resource 0 [io  0x2000-0x2fff]
Jan 28 16:54:12 mbuchs kernel: pci_bus 0000:03: resource 1 [mem 0xfe400000-0xfe5fffff]
Jan 28 16:54:12 mbuchs kernel: pci_bus 0000:03: resource 2 [mem 0xe1600000000-0xe17ffffffff 64bit pref]
Jan 28 16:54:12 mbuchs kernel: pci_bus 0000:04: resource 0 [io  0x3000-0x3fff]
Jan 28 16:54:12 mbuchs kernel: pci_bus 0000:04: resource 1 [mem 0xfe200000-0xfe3fffff]
Jan 28 16:54:12 mbuchs kernel: pci_bus 0000:04: resource 2 [mem 0xe1400000000-0xe15ffffffff 64bit pref]
Jan 28 16:54:12 mbuchs kernel: pci_bus 0000:05: resource 0 [io  0x4000-0x4fff]
Jan 28 16:54:12 mbuchs kernel: pci_bus 0000:05: resource 1 [mem 0xfe000000-0xfe1fffff]
Jan 28 16:54:12 mbuchs kernel: pci_bus 0000:05: resource 2 [mem 0xe1200000000-0xe13ffffffff 64bit pref]
Jan 28 16:54:12 mbuchs kernel: pci_bus 0000:06: resource 0 [io  0x5000-0x5fff]
Jan 28 16:54:12 mbuchs kernel: pci_bus 0000:06: resource 1 [mem 0xfde00000-0xfdffffff]
Jan 28 16:54:12 mbuchs kernel: pci_bus 0000:06: resource 2 [mem 0xe1000000000-0xe11ffffffff 64bit pref]
Jan 28 16:54:12 mbuchs kernel: pci_bus 0000:07: resource 0 [io  0x6000-0x6fff]
Jan 28 16:54:12 mbuchs kernel: pci_bus 0000:07: resource 1 [mem 0xfdc00000-0xfddfffff]
Jan 28 16:54:12 mbuchs kernel: pci_bus 0000:07: resource 2 [mem 0xe0e00000000-0xe0fffffffff 64bit pref]
Jan 28 16:54:12 mbuchs kernel: pci_bus 0000:08: resource 0 [io  0x7000-0x7fff]
Jan 28 16:54:12 mbuchs kernel: pci_bus 0000:08: resource 1 [mem 0xfda00000-0xfdbfffff]
Jan 28 16:54:12 mbuchs kernel: pci_bus 0000:08: resource 2 [mem 0xe0c00000000-0xe0dffffffff 64bit pref]
Jan 28 16:54:12 mbuchs kernel: pci_bus 0000:09: resource 0 [io  0x8000-0x8fff]
Jan 28 16:54:12 mbuchs kernel: pci_bus 0000:09: resource 1 [mem 0xfd800000-0xfd9fffff]
Jan 28 16:54:12 mbuchs kernel: pci_bus 0000:09: resource 2 [mem 0xe0a00000000-0xe0bffffffff 64bit pref]
Jan 28 16:54:12 mbuchs kernel: pci_bus 0000:0a: resource 0 [io  0x9000-0x9fff]
Jan 28 16:54:12 mbuchs kernel: pci_bus 0000:0a: resource 1 [mem 0xfd600000-0xfd7fffff]
Jan 28 16:54:12 mbuchs kernel: pci_bus 0000:0a: resource 2 [mem 0xe0800000000-0xe09ffffffff 64bit pref]
Jan 28 16:54:12 mbuchs kernel: pci_bus 0000:0b: resource 0 [io  0xa000-0xafff]
Jan 28 16:54:12 mbuchs kernel: pci_bus 0000:0b: resource 1 [mem 0xfd400000-0xfd5fffff]
Jan 28 16:54:12 mbuchs kernel: pci_bus 0000:0b: resource 2 [mem 0xe0600000000-0xe07ffffffff 64bit pref]
Jan 28 16:54:12 mbuchs kernel: pci_bus 0000:0c: resource 0 [io  0xb000-0xbfff]
Jan 28 16:54:12 mbuchs kernel: pci_bus 0000:0c: resource 1 [mem 0xfd200000-0xfd3fffff]
Jan 28 16:54:12 mbuchs kernel: pci_bus 0000:0c: resource 2 [mem 0xe0400000000-0xe05ffffffff 64bit pref]
Jan 28 16:54:12 mbuchs kernel: pci_bus 0000:0d: resource 0 [io  0xe000-0xefff]
Jan 28 16:54:12 mbuchs kernel: pci_bus 0000:0d: resource 1 [mem 0xfd000000-0xfd1fffff]
Jan 28 16:54:12 mbuchs kernel: pci_bus 0000:0d: resource 2 [mem 0xe0200000000-0xe03ffffffff 64bit pref]
Jan 28 16:54:12 mbuchs kernel: pci_bus 0000:0e: resource 0 [io  0xf000-0xffff]
Jan 28 16:54:12 mbuchs kernel: pci_bus 0000:0e: resource 1 [mem 0xfce00000-0xfcffffff]
Jan 28 16:54:12 mbuchs kernel: pci_bus 0000:0e: resource 2 [mem 0xe0000000000-0xe01ffffffff 64bit pref]
Jan 28 16:54:12 mbuchs kernel: ACPI: \_SB_.GSIG: Enabled at IRQ 22
Jan 28 16:54:12 mbuchs kernel: PCI: CLS 0 bytes, default 64
Jan 28 16:54:12 mbuchs kernel: PCI-DMA: Using software bounce buffering for IO (SWIOTLB)
Jan 28 16:54:12 mbuchs kernel: software IO TLB: mapped [mem 0x0000000077e00000-0x000000007be00000] (64MB)
Jan 28 16:54:12 mbuchs kernel: Initialise system trusted keyrings
Jan 28 16:54:12 mbuchs kernel: workingset: timestamp_bits=40 max_order=20 bucket_order=0
Jan 28 16:54:12 mbuchs kernel: NFS: Registering the id_resolver key type
Jan 28 16:54:12 mbuchs kernel: Key type id_resolver registered
Jan 28 16:54:12 mbuchs kernel: Key type id_legacy registered
Jan 28 16:54:12 mbuchs kernel: Key type cifs.idmap registered
Jan 28 16:54:12 mbuchs kernel: 9p: Installing v9fs 9p2000 file system support
Jan 28 16:54:12 mbuchs kernel: Key type asymmetric registered
Jan 28 16:54:12 mbuchs kernel: Asymmetric key parser 'x509' registered
Jan 28 16:54:12 mbuchs kernel: Block layer SCSI generic (bsg) driver version 0.4 loaded (major 251)
Jan 28 16:54:12 mbuchs kernel: io scheduler mq-deadline registered
Jan 28 16:54:12 mbuchs kernel: io scheduler kyber registered
Jan 28 16:54:12 mbuchs kernel: pcieport 0000:00:02.0: PME: Signaling with IRQ 24
Jan 28 16:54:12 mbuchs kernel: pcieport 0000:00:02.1: PME: Signaling with IRQ 25
Jan 28 16:54:12 mbuchs kernel: pcieport 0000:00:02.2: PME: Signaling with IRQ 26
Jan 28 16:54:12 mbuchs kernel: pcieport 0000:00:02.3: PME: Signaling with IRQ 27
Jan 28 16:54:12 mbuchs kernel: pcieport 0000:00:02.4: PME: Signaling with IRQ 28
Jan 28 16:54:12 mbuchs kernel: pcieport 0000:00:02.5: PME: Signaling with IRQ 29
Jan 28 16:54:12 mbuchs kernel: pcieport 0000:00:02.6: PME: Signaling with IRQ 30
Jan 28 16:54:12 mbuchs kernel: pcieport 0000:00:02.7: PME: Signaling with IRQ 31
Jan 28 16:54:12 mbuchs kernel: ACPI: \_SB_.GSIH: Enabled at IRQ 23
Jan 28 16:54:12 mbuchs kernel: pcieport 0000:00:03.0: PME: Signaling with IRQ 32
Jan 28 16:54:12 mbuchs kernel: pcieport 0000:00:03.1: PME: Signaling with IRQ 33
Jan 28 16:54:12 mbuchs kernel: pcieport 0000:00:03.2: PME: Signaling with IRQ 34
Jan 28 16:54:12 mbuchs kernel: pcieport 0000:00:03.3: PME: Signaling with IRQ 35
Jan 28 16:54:12 mbuchs kernel: pcieport 0000:00:03.4: PME: Signaling with IRQ 36
Jan 28 16:54:12 mbuchs kernel: pcieport 0000:00:03.5: PME: Signaling with IRQ 37
Jan 28 16:54:12 mbuchs kernel: input: Power Button as /devices/platform/LNXPWRBN:00/input/input0
Jan 28 16:54:12 mbuchs kernel: ACPI: button: Power Button [PWRF]
Jan 28 16:54:12 mbuchs kernel: ACPI: \_SB_.GSIF: Enabled at IRQ 21
Jan 28 16:54:12 mbuchs kernel: Serial: 8250/16550 driver, 4 ports, IRQ sharing enabled
Jan 28 16:54:12 mbuchs kernel: 00:00: ttyS0 at I/O 0x3f8 (irq = 4, base_baud = 115200) is a 16550A
Jan 28 16:54:12 mbuchs kernel: Non-volatile memory driver v1.3
Jan 28 16:54:12 mbuchs kernel: Linux agpgart interface v0.103
Jan 28 16:54:12 mbuchs kernel: ACPI: bus type drm_connector registered
Jan 28 16:54:12 mbuchs kernel: [drm] pci: virtio-vga detected at 0000:00:01.0
Jan 28 16:54:12 mbuchs kernel: virtio-pci 0000:00:01.0: vgaarb: deactivate vga console
Jan 28 16:54:12 mbuchs kernel: Console: switching to colour dummy device 80x25
Jan 28 16:54:12 mbuchs kernel: [drm] features: -virgl +edid -resource_blob -host_visible
Jan 28 16:54:12 mbuchs kernel: [drm] features: -context_init
Jan 28 16:54:12 mbuchs kernel: [drm] number of scanouts: 1
Jan 28 16:54:12 mbuchs kernel: [drm] number of cap sets: 0
Jan 28 16:54:12 mbuchs kernel: virtio-pci 0000:00:01.0: [drm] Registered 1 planes with drm panic
Jan 28 16:54:12 mbuchs kernel: [drm] Initialized virtio_gpu 0.1.0 for 0000:00:01.0 on minor 0
Jan 28 16:54:12 mbuchs kernel: fbcon: virtio_gpudrmfb (fb0) is primary device
Jan 28 16:54:12 mbuchs kernel: Console: switching to colour frame buffer device 160x50
Jan 28 16:54:12 mbuchs kernel: virtio-pci 0000:00:01.0: [drm] fb0: virtio_gpudrmfb frame buffer device
Jan 28 16:54:12 mbuchs kernel: loop: module loaded
Jan 28 16:54:12 mbuchs kernel: virtio_blk virtio2: 8/0/0 default/read/poll queues
Jan 28 16:54:12 mbuchs kernel: virtio_blk virtio2: [vda] 41943040 512-byte logical blocks (21.5 GB/20.0 GiB)
Jan 28 16:54:12 mbuchs kernel:  vda: vda1 vda2 vda3
Jan 28 16:54:12 mbuchs kernel: ACPI: \_SB_.GSIA: Enabled at IRQ 16
Jan 28 16:54:12 mbuchs kernel: ahci 0000:00:1f.2: AHCI vers 0001.0000, 32 command slots, 1.5 Gbps, SATA mode
Jan 28 16:54:12 mbuchs kernel: ahci 0000:00:1f.2: 6/6 ports implemented (port mask 0x3f)
Jan 28 16:54:12 mbuchs kernel: ahci 0000:00:1f.2: flags: 64bit ncq only 
Jan 28 16:54:12 mbuchs kernel: scsi host0: ahci
Jan 28 16:54:12 mbuchs kernel: scsi host1: ahci
Jan 28 16:54:12 mbuchs kernel: scsi host2: ahci
Jan 28 16:54:12 mbuchs kernel: scsi host3: ahci
Jan 28 16:54:12 mbuchs kernel: scsi host4: ahci
Jan 28 16:54:12 mbuchs kernel: scsi host5: ahci
Jan 28 16:54:12 mbuchs kernel: ata1: SATA max UDMA/133 abar m4096@0xfea23000 port 0xfea23100 irq 54 lpm-pol 1
Jan 28 16:54:12 mbuchs kernel: ata2: SATA max UDMA/133 abar m4096@0xfea23000 port 0xfea23180 irq 54 lpm-pol 1
Jan 28 16:54:12 mbuchs kernel: ata3: SATA max UDMA/133 abar m4096@0xfea23000 port 0xfea23200 irq 54 lpm-pol 1
Jan 28 16:54:12 mbuchs kernel: ata4: SATA max UDMA/133 abar m4096@0xfea23000 port 0xfea23280 irq 54 lpm-pol 1
Jan 28 16:54:12 mbuchs kernel: ata5: SATA max UDMA/133 abar m4096@0xfea23000 port 0xfea23300 irq 54 lpm-pol 1
Jan 28 16:54:12 mbuchs kernel: ata6: SATA max UDMA/133 abar m4096@0xfea23000 port 0xfea23380 irq 54 lpm-pol 1
Jan 28 16:54:12 mbuchs kernel: e100: Intel(R) PRO/100 Network Driver
Jan 28 16:54:12 mbuchs kernel: e100: Copyright(c) 1999-2006 Intel Corporation
Jan 28 16:54:12 mbuchs kernel: e1000: Intel(R) PRO/1000 Network Driver
Jan 28 16:54:12 mbuchs kernel: e1000: Copyright (c) 1999-2006 Intel Corporation.
Jan 28 16:54:12 mbuchs kernel: e1000e: Intel(R) PRO/1000 Network Driver
Jan 28 16:54:12 mbuchs kernel: e1000e: Copyright(c) 1999 - 2015 Intel Corporation.
Jan 28 16:54:12 mbuchs kernel: e1000e 0000:01:00.0: Interrupt Throttling Rate (ints/sec) set to dynamic conservative mode
Jan 28 16:54:12 mbuchs kernel: e1000e 0000:01:00.0 0000:01:00.0 (uninitialized): registered PHC clock
Jan 28 16:54:12 mbuchs kernel: e1000e 0000:01:00.0 eth0: (PCI Express:2.5GT/s:Width x1) 52:54:00:e4:13:c3
Jan 28 16:54:12 mbuchs kernel: e1000e 0000:01:00.0 eth0: Intel(R) PRO/1000 Network Connection
Jan 28 16:54:12 mbuchs kernel: e1000e 0000:01:00.0 eth0: MAC: 3, PHY: 8, PBA No: 000000-000
Jan 28 16:54:12 mbuchs kernel: sky2: driver version 1.30
Jan 28 16:54:12 mbuchs kernel: xhci_hcd 0000:02:00.0: xHCI Host Controller
Jan 28 16:54:12 mbuchs kernel: xhci_hcd 0000:02:00.0: new USB bus registered, assigned bus number 1
Jan 28 16:54:12 mbuchs kernel: xhci_hcd 0000:02:00.0: hcc params 0x00087001 hci version 0x100 quirks 0x0000000000000010
Jan 28 16:54:12 mbuchs kernel: xhci_hcd 0000:02:00.0: xHCI Host Controller
Jan 28 16:54:12 mbuchs kernel: xhci_hcd 0000:02:00.0: new USB bus registered, assigned bus number 2
Jan 28 16:54:12 mbuchs kernel: xhci_hcd 0000:02:00.0: Host supports USB 3.0 SuperSpeed
Jan 28 16:54:12 mbuchs kernel: usb usb1: New USB device found, idVendor=1d6b, idProduct=0002, bcdDevice= 6.19
Jan 28 16:54:12 mbuchs kernel: usb usb1: New USB device strings: Mfr=3, Product=2, SerialNumber=1
Jan 28 16:54:12 mbuchs kernel: usb usb1: Product: xHCI Host Controller
Jan 28 16:54:12 mbuchs kernel: usb usb1: Manufacturer: Linux 6.19.0-rc7-next-20260126 xhci-hcd
Jan 28 16:54:12 mbuchs kernel: usb usb1: SerialNumber: 0000:02:00.0
Jan 28 16:54:12 mbuchs kernel: hub 1-0:1.0: USB hub found
Jan 28 16:54:12 mbuchs kernel: hub 1-0:1.0: 15 ports detected
Jan 28 16:54:12 mbuchs kernel: usb usb2: We don't know the algorithms for LPM for this host, disabling LPM.
Jan 28 16:54:12 mbuchs kernel: usb usb2: New USB device found, idVendor=1d6b, idProduct=0003, bcdDevice= 6.19
Jan 28 16:54:12 mbuchs kernel: usb usb2: New USB device strings: Mfr=3, Product=2, SerialNumber=1
Jan 28 16:54:12 mbuchs kernel: usb usb2: Product: xHCI Host Controller
Jan 28 16:54:12 mbuchs kernel: usb usb2: Manufacturer: Linux 6.19.0-rc7-next-20260126 xhci-hcd
Jan 28 16:54:12 mbuchs kernel: usb usb2: SerialNumber: 0000:02:00.0
Jan 28 16:54:12 mbuchs kernel: hub 2-0:1.0: USB hub found
Jan 28 16:54:12 mbuchs kernel: hub 2-0:1.0: 15 ports detected
Jan 28 16:54:12 mbuchs kernel: usbcore: registered new interface driver usblp
Jan 28 16:54:12 mbuchs kernel: usbcore: registered new interface driver usb-storage
Jan 28 16:54:12 mbuchs kernel: i8042: PNP: PS/2 Controller [PNP0303:KBD,PNP0f13:MOU] at 0x60,0x64 irq 1,12
Jan 28 16:54:12 mbuchs kernel: serio: i8042 KBD port at 0x60,0x64 irq 1
Jan 28 16:54:12 mbuchs kernel: serio: i8042 AUX port at 0x60,0x64 irq 12
Jan 28 16:54:12 mbuchs kernel: input: AT Translated Set 2 keyboard as /devices/platform/i8042/serio0/input/input1
Jan 28 16:54:12 mbuchs kernel: rtc_cmos 00:03: RTC can wake from S4
Jan 28 16:54:12 mbuchs kernel: rtc_cmos 00:03: registered as rtc0
Jan 28 16:54:12 mbuchs kernel: rtc_cmos 00:03: alarms up to one day, y3k, 242 bytes nvram
Jan 28 16:54:12 mbuchs kernel: i801_smbus 0000:00:1f.3: SMBus using PCI interrupt
Jan 28 16:54:12 mbuchs kernel: i2c i2c-0: Memory type 0x07 not supported yet, not instantiating SPD
Jan 28 16:54:12 mbuchs kernel: device-mapper: ioctl: 4.50.0-ioctl (2025-04-28) initialised: dm-devel@lists.linux.dev
Jan 28 16:54:12 mbuchs kernel: amd_pstate: The CPPC feature is supported but currently disabled by the BIOS.
                               Please enable it if your BIOS has the CPPC option.
Jan 28 16:54:12 mbuchs kernel: amd_pstate: the _CPC object is not present in SBIOS or ACPI disabled
Jan 28 16:54:12 mbuchs kernel: hid: raw HID events driver (C) Jiri Kosina
Jan 28 16:54:12 mbuchs kernel: usbcore: registered new interface driver usbhid
Jan 28 16:54:12 mbuchs kernel: usbhid: USB HID core driver
Jan 28 16:54:12 mbuchs kernel: Initializing XFRM netlink socket
Jan 28 16:54:12 mbuchs kernel: NET: Registered PF_INET6 protocol family
Jan 28 16:54:12 mbuchs kernel: Segment Routing with IPv6
Jan 28 16:54:12 mbuchs kernel: In-situ OAM (IOAM) with IPv6
Jan 28 16:54:12 mbuchs kernel: sit: IPv6, IPv4 and MPLS over IPv4 tunneling driver
Jan 28 16:54:12 mbuchs kernel: NET: Registered PF_PACKET protocol family
Jan 28 16:54:12 mbuchs kernel: 9pnet: Installing 9P2000 support
Jan 28 16:54:12 mbuchs kernel: snd_hda_intel 0000:00:1b.0: Cannot probe codecs, giving up
Jan 28 16:54:12 mbuchs kernel: Key type dns_resolver registered
Jan 28 16:54:12 mbuchs kernel: IPI shorthand broadcast: enabled
Jan 28 16:54:12 mbuchs kernel: sched_clock: Marking stable (785001037, 40428892)->(863327558, -37897629)
Jan 28 16:54:12 mbuchs kernel: registered taskstats version 1
Jan 28 16:54:12 mbuchs kernel: Loading compiled-in X.509 certificates
Jan 28 16:54:12 mbuchs kernel: Demotion targets for Node 0: null
Jan 28 16:54:12 mbuchs kernel: PM:   Magic number: 10:555:943
Jan 28 16:54:12 mbuchs kernel: tty tty0: hash matches
Jan 28 16:54:12 mbuchs kernel: tty console: hash matches
Jan 28 16:54:12 mbuchs kernel: netconsole: network logging started
Jan 28 16:54:12 mbuchs kernel: cfg80211: Loading compiled-in X.509 certificates for regulatory database
Jan 28 16:54:12 mbuchs kernel: kworker/u39:1 (120) used greatest stack depth: 14128 bytes left
Jan 28 16:54:12 mbuchs kernel: Loaded X.509 cert 'sforshee: 00b28ddf47aef9cea7'
Jan 28 16:54:12 mbuchs kernel: Loaded X.509 cert 'wens: 61c038651aabdcf94bd0ac7ff06c7248db18c600'
Jan 28 16:54:12 mbuchs kernel: ALSA device list:
Jan 28 16:54:12 mbuchs kernel:   No soundcards found.
Jan 28 16:54:12 mbuchs kernel: faux_driver regulatory: Direct firmware load for regulatory.db failed with error -2
Jan 28 16:54:12 mbuchs kernel: cfg80211: failed to load regulatory.db
Jan 28 16:54:12 mbuchs kernel: ata3: SATA link down (SStatus 0 SControl 300)
Jan 28 16:54:12 mbuchs kernel: ata1: SATA link down (SStatus 0 SControl 300)
Jan 28 16:54:12 mbuchs kernel: ata5: SATA link down (SStatus 0 SControl 300)
Jan 28 16:54:12 mbuchs kernel: ata6: SATA link down (SStatus 0 SControl 300)
Jan 28 16:54:12 mbuchs kernel: ata2: SATA link down (SStatus 0 SControl 300)
Jan 28 16:54:12 mbuchs kernel: ata4: SATA link down (SStatus 0 SControl 300)
Jan 28 16:54:12 mbuchs kernel: usb 1-1: new high-speed USB device number 2 using xhci_hcd
Jan 28 16:54:12 mbuchs kernel: usb 1-1: New USB device found, idVendor=0627, idProduct=0001, bcdDevice= 0.00
Jan 28 16:54:12 mbuchs kernel: usb 1-1: New USB device strings: Mfr=1, Product=3, SerialNumber=10
Jan 28 16:54:12 mbuchs kernel: usb 1-1: Product: QEMU USB Tablet
Jan 28 16:54:12 mbuchs kernel: usb 1-1: Manufacturer: QEMU
Jan 28 16:54:12 mbuchs kernel: usb 1-1: SerialNumber: 28754-0000:00:02.1:00.0-1
Jan 28 16:54:12 mbuchs kernel: input: QEMU QEMU USB Tablet as /devices/pci0000:00/0000:00:02.1/0000:02:00.0/usb1/1-1/1-1:1.0/0003:0627:0001.0001/input/input4
Jan 28 16:54:12 mbuchs kernel: hid-generic 0003:0627:0001.0001: input,hidraw0: USB HID v0.01 Mouse [QEMU QEMU USB Tablet] on usb-0000:02:00.0-1/input0
Jan 28 16:54:12 mbuchs kernel: input: ImExPS/2 Generic Explorer Mouse as /devices/platform/i8042/serio1/input/input3
Jan 28 16:54:12 mbuchs kernel: md: Waiting for all devices to be available before autodetect
Jan 28 16:54:12 mbuchs kernel: md: If you don't use raid, use raid=noautodetect
Jan 28 16:54:12 mbuchs kernel: md: Autodetecting RAID arrays.
Jan 28 16:54:12 mbuchs kernel: md: autorun ...
Jan 28 16:54:12 mbuchs kernel: md: ... autorun DONE.
Jan 28 16:54:12 mbuchs kernel: EXT4-fs (vda2): orphan cleanup on readonly fs
Jan 28 16:54:12 mbuchs kernel: EXT4-fs (vda2): mounted filesystem f69aa604-db2b-42bf-b40c-415080e26f2a ro with ordered data mode. Quota mode: none.
Jan 28 16:54:12 mbuchs kernel: VFS: Mounted root (ext4 filesystem) readonly on device 253:2.
Jan 28 16:54:12 mbuchs kernel: devtmpfs: mounted
Jan 28 16:54:12 mbuchs kernel: VFS: Pivoted into new rootfs
Jan 28 16:54:12 mbuchs kernel: Freeing unused kernel image (initmem) memory: 2916K
Jan 28 16:54:12 mbuchs kernel: Write protecting the kernel read-only data: 28672k
Jan 28 16:54:12 mbuchs kernel: Freeing unused kernel image (text/rodata gap) memory: 600K
Jan 28 16:54:12 mbuchs kernel: Freeing unused kernel image (rodata/data gap) memory: 180K
Jan 28 16:54:12 mbuchs kernel: x86/mm: Checked W+X mappings: passed, no W+X pages found.
Jan 28 16:54:12 mbuchs kernel: Run /sbin/init as init process
Jan 28 16:54:12 mbuchs kernel:   with arguments:
Jan 28 16:54:12 mbuchs kernel:     /sbin/init
Jan 28 16:54:12 mbuchs kernel:   with environment:
Jan 28 16:54:12 mbuchs kernel:     HOME=/
Jan 28 16:54:12 mbuchs kernel:     TERM=linux
Jan 28 16:54:12 mbuchs systemd[1]: RTC configured in localtime, applying delta of 60 minutes to system time.
Jan 28 16:54:12 mbuchs systemd[1]: System time advanced to timestamp on /var/lib/systemd/timesync/clock: Wed 2026-01-28 16:54:11 CET
Jan 28 16:54:12 mbuchs systemd[1]: systemd 257.8 running in system mode (+PAM -AUDIT -SELINUX -APPARMOR +IMA +IPE +SMACK -SECCOMP -GCRYPT -GNUTLS +OPENSSL +ACL +BLKID -CURL -ELFUTILS -FIDO2 -IDN2 -IDN -IPTC +KMOD -LIBCRYPTSETUP -LIBCRYPTSETUP_PLUGINS +LIBFDISK -PCRE2 -PWQUALITY -P11KIT -QRENCODE -TPM2 +BZIP2 +LZ4 +XZ +ZLIB +ZSTD -BPF_FRAMEWORK -BTF -XKBCOMMON +UTMP +SYSVINIT -LIBARCHIVE)
Jan 28 16:54:12 mbuchs systemd[1]: Detected virtualization kvm.
Jan 28 16:54:12 mbuchs systemd[1]: Detected architecture x86-64.
Jan 28 16:54:12 mbuchs systemd[1]: Hostname set to <mbuchs>.
Jan 28 16:54:12 mbuchs kernel: systemd-debug-g (132) used greatest stack depth: 13184 bytes left
Jan 28 16:54:12 mbuchs systemd[1]: Queued start job for default target Graphical Interface.
Jan 28 16:54:12 mbuchs systemd[1]: Created slice Slice /system/dhcpcd.
Jan 28 16:54:12 mbuchs systemd[1]: Created slice Slice /system/getty.
Jan 28 16:54:12 mbuchs systemd[1]: Created slice Slice /system/modprobe.
Jan 28 16:54:12 mbuchs systemd[1]: Created slice Slice /system/systemd-fsck.
Jan 28 16:54:12 mbuchs systemd[1]: Created slice User and Session Slice.
Jan 28 16:54:12 mbuchs systemd[1]: Started Dispatch Password Requests to Console Directory Watch.
Jan 28 16:54:12 mbuchs systemd[1]: Started Forward Password Requests to Wall Directory Watch.
Jan 28 16:54:12 mbuchs systemd[1]: Set up automount Arbitrary Executable File Formats File System Automount Point.
Jan 28 16:54:12 mbuchs systemd[1]: Expecting device /dev/vda1...
Jan 28 16:54:12 mbuchs systemd[1]: Expecting device /dev/vda3...
Jan 28 16:54:12 mbuchs systemd[1]: Expecting device /sys/subsystem/net/devices/eth0...
Jan 28 16:54:12 mbuchs systemd[1]: Reached target Path Units.
Jan 28 16:54:12 mbuchs systemd[1]: Reached target Remote File Systems.
Jan 28 16:54:12 mbuchs systemd[1]: Reached target Slice Units.
Jan 28 16:54:12 mbuchs systemd[1]: Listening on Process Core Dump Socket.
Jan 28 16:54:12 mbuchs systemd[1]: Listening on Credential Encryption/Decryption.
Jan 28 16:54:12 mbuchs systemd[1]: Listening on initctl Compatibility Named Pipe.
Jan 28 16:54:12 mbuchs systemd[1]: Listening on Journal Audit Socket.
Jan 28 16:54:12 mbuchs systemd[1]: Listening on Journal Socket (/dev/log).
Jan 28 16:54:12 mbuchs systemd[1]: Listening on Journal Sockets.
Jan 28 16:54:12 mbuchs systemd[1]: Listening on DDI File System Mounter Socket.
Jan 28 16:54:12 mbuchs systemd[1]: Listening on Network Service Netlink Socket.
Jan 28 16:54:12 mbuchs systemd[1]: Listening on Namespace Resource Manager Socket.
Jan 28 16:54:12 mbuchs systemd[1]: Listening on Userspace Out-Of-Memory (OOM) Killer Socket.
Jan 28 16:54:12 mbuchs systemd[1]: Listening on udev Control Socket.
Jan 28 16:54:12 mbuchs systemd[1]: Listening on udev Kernel Socket.
Jan 28 16:54:12 mbuchs systemd[1]: Mounting Huge Pages File System...
Jan 28 16:54:12 mbuchs systemd[1]: Mounting POSIX Message Queue File System...
Jan 28 16:54:12 mbuchs systemd[1]: Mounting Kernel Debug File System...
Jan 28 16:54:12 mbuchs systemd[1]: Mounting Kernel Trace File System...
Jan 28 16:54:12 mbuchs systemd[1]: Create List of Static Device Nodes was skipped because of an unmet condition check (ConditionFileNotEmpty=/lib/modules/6.19.0-rc7-next-20260126/modules.devname).
Jan 28 16:54:12 mbuchs systemd[1]: Starting Load Kernel Module configfs...
Jan 28 16:54:12 mbuchs systemd[1]: Starting Load Kernel Module dm_mod...
Jan 28 16:54:12 mbuchs systemd[1]: Starting Load Kernel Module drm...
Jan 28 16:54:12 mbuchs systemd[1]: Starting Load Kernel Module efi_pstore...
Jan 28 16:54:12 mbuchs systemd[1]: Starting Load Kernel Module fuse...
Jan 28 16:54:12 mbuchs systemd[1]: Starting Load Kernel Module loop...
Jan 28 16:54:12 mbuchs systemd[1]: Starting File System Check on Root Device...
Jan 28 16:54:12 mbuchs systemd[1]: Clear Stale Hibernate Storage Info was skipped because of an unmet condition check (ConditionPathExists=/sys/firmware/efi/efivars/HibernateLocation-8cf2644b-4b0b-428f-9387-6d876050dc67).
Jan 28 16:54:12 mbuchs systemd[1]: systemd-journald.service: unit configures an IP firewall, but the local system does not support BPF/cgroup firewalling.
Jan 28 16:54:12 mbuchs systemd[1]: systemd-journald.service: (This warning is only shown for the first unit using IP firewalling.)
Jan 28 16:54:12 mbuchs systemd[1]: Starting Journal Service...
Jan 28 16:54:12 mbuchs kernel: modprobe (157) used greatest stack depth: 13088 bytes left
Jan 28 16:54:12 mbuchs systemd[1]: Load Kernel Modules was skipped because no trigger condition checks were met.
Jan 28 16:54:12 mbuchs systemd[1]: Starting Generate network units from Kernel command line...
Jan 28 16:54:12 mbuchs systemd[1]: Starting Userspace Out-Of-Memory (OOM) Killer...
Jan 28 16:54:12 mbuchs systemd[1]: Starting Apply Kernel Variables...
Jan 28 16:54:12 mbuchs systemd[1]: Starting Create Static Device Nodes in /dev gracefully...
Jan 28 16:54:12 mbuchs systemd[1]: Starting Load udev Rules from Credentials...
Jan 28 16:54:12 mbuchs systemd-journald[160]: Collecting audit messages is enabled.
Jan 28 16:54:12 mbuchs systemd[1]: Starting Coldplug All udev Devices...
Jan 28 16:54:12 mbuchs systemd[1]: Mounted Huge Pages File System.
Jan 28 16:54:12 mbuchs systemd[1]: Mounted POSIX Message Queue File System.
Jan 28 16:54:12 mbuchs systemd[1]: Mounted Kernel Debug File System.
Jan 28 16:54:12 mbuchs systemd[1]: Mounted Kernel Trace File System.
Jan 28 16:54:12 mbuchs kernel: udevadm (170) used greatest stack depth: 12936 bytes left
Jan 28 16:54:12 mbuchs systemd[1]: modprobe@configfs.service: Deactivated successfully.
Jan 28 16:54:12 mbuchs systemd[1]: Finished Load Kernel Module configfs.
Jan 28 16:54:12 mbuchs systemd[1]: modprobe@dm_mod.service: Deactivated successfully.
Jan 28 16:54:12 mbuchs systemd[1]: Finished Load Kernel Module dm_mod.
Jan 28 16:54:12 mbuchs systemd[1]: modprobe@drm.service: Deactivated successfully.
Jan 28 16:54:12 mbuchs systemd[1]: Finished Load Kernel Module drm.
Jan 28 16:54:12 mbuchs systemd[1]: modprobe@efi_pstore.service: Deactivated successfully.
Jan 28 16:54:12 mbuchs systemd[1]: Finished Load Kernel Module efi_pstore.
Jan 28 16:54:12 mbuchs systemd[1]: modprobe@fuse.service: Deactivated successfully.
Jan 28 16:54:12 mbuchs systemd[1]: Finished Load Kernel Module fuse.
Jan 28 16:54:12 mbuchs systemd[1]: modprobe@loop.service: Deactivated successfully.
Jan 28 16:54:12 mbuchs systemd[1]: Finished Load Kernel Module loop.
Jan 28 16:54:12 mbuchs systemd[1]: Finished File System Check on Root Device.
Jan 28 16:54:12 mbuchs systemd[1]: Finished Generate network units from Kernel command line.
Jan 28 16:54:12 mbuchs systemd[1]: Finished Apply Kernel Variables.
Jan 28 16:54:12 mbuchs systemd[1]: Finished Create Static Device Nodes in /dev gracefully.
Jan 28 16:54:12 mbuchs systemd[1]: Finished Load udev Rules from Credentials.
Jan 28 16:54:12 mbuchs systemd[1]: Reached target Preparation for Network.
Jan 28 16:54:12 mbuchs systemd[1]: Starting Namespace Resource Manager...
Jan 28 16:54:12 mbuchs systemd[1]: Starting Remount Root and Kernel File Systems...
Jan 28 16:54:12 mbuchs systemd[1]: Repartition Root Disk was skipped because no trigger condition checks were met.
Jan 28 16:54:12 mbuchs systemd[1]: Starting Network Name Resolution...
Jan 28 16:54:12 mbuchs systemd[1]: Starting Create Static Device Nodes in /dev...
Jan 28 16:54:12 mbuchs systemd[1]: Started Journal Service.
Jan 28 16:54:12 mbuchs kernel: EXT4-fs (vda2): re-mounted f69aa604-db2b-42bf-b40c-415080e26f2a r/w.
Jan 28 16:54:12 mbuchs systemd-journald[160]: Received client request to flush runtime journal.
Jan 28 16:54:12 mbuchs kernel: Adding 5037052k swap on /dev/vda3.  Priority:1 extents:1 across:5037052k 
Jan 28 16:54:12 mbuchs kernel: e1000e 0000:01:00.0 eth0: NIC Link is Up 1000 Mbps Full Duplex, Flow Control: Rx/Tx
Jan 28 16:54:13 mbuchs kernel: EXT4-fs (vda1): mounted filesystem 0140f423-a516-4818-946b-40c6e78ec37c r/w with ordered data mode. Quota mode: none.
Jan 28 16:54:43 mbuchs kernel: systemd-hostnam (312) used greatest stack depth: 12856 bytes left
Jan 28 16:56:41 mbuchs kernel: audit: type=1006 audit(1769615801.020:2): pid=363 uid=1000 subj=kernel old-auid=4294967295 auid=0 tty=pts0 old-ses=4294967295 ses=1 res=1
Jan 28 16:56:41 mbuchs kernel: audit: type=1300 audit(1769615801.020:2): arch=c000003e syscall=1 success=yes exit=1 a0=c a1=7fff4ac1d830 a2=1 a3=0 items=0 ppid=344 pid=363 auid=0 uid=1000 gid=0 euid=0 suid=0 fsuid=0 egid=0 sgid=0 fsgid=0 tty=pts0 ses=1 comm="sudo" exe="/usr/bin/sudo" subj=kernel key=(null)
Jan 28 16:56:41 mbuchs kernel: audit: type=1327 audit(1769615801.020:2): proctitle=7375646F006A6F75726E616C63746C002D620030
Jan 28 16:56:41 mbuchs kernel: audit: type=1006 audit(1769615801.046:3): pid=367 uid=0 subj=kernel old-auid=4294967295 auid=0 tty=(none) old-ses=4294967295 ses=2 res=1
Jan 28 16:56:41 mbuchs kernel: audit: type=1300 audit(1769615801.046:3): arch=c000003e syscall=1 success=yes exit=1 a0=7 a1=7fffb2a96cf0 a2=1 a3=0 items=0 ppid=1 pid=367 auid=0 uid=0 gid=0 euid=0 suid=0 fsuid=0 egid=0 sgid=0 fsgid=0 tty=(none) ses=2 comm="(systemd)" exe="/usr/lib/systemd/systemd-executor" subj=kernel key=(null)
Jan 28 16:56:41 mbuchs kernel: audit: type=1327 audit(1769615801.046:3): proctitle="(systemd)"
Jan 28 16:57:02 mbuchs kernel: audit: type=1006 audit(1769615822.797:4): pid=384 uid=1000 subj=kernel old-auid=4294967295 auid=0 tty=pts0 old-ses=4294967295 ses=3 res=1
Jan 28 16:57:02 mbuchs kernel: audit: type=1300 audit(1769615822.797:4): arch=c000003e syscall=1 success=yes exit=1 a0=c a1=7ffcfc16d9b0 a2=1 a3=0 items=0 ppid=344 pid=384 auid=0 uid=1000 gid=0 euid=0 suid=0 fsuid=0 egid=0 sgid=0 fsgid=0 tty=pts0 ses=3 comm="sudo" exe="/usr/bin/sudo" subj=kernel key=(null)
Jan 28 16:57:02 mbuchs kernel: audit: type=1327 audit(1769615822.797:4): proctitle=7375646F006A6F75726E616C63746C002D62
Jan 28 16:57:07 mbuchs kernel: audit: type=1006 audit(1769615827.238:5): pid=390 uid=1000 subj=kernel old-auid=4294967295 auid=0 tty=pts0 old-ses=4294967295 ses=4 res=1
Jan 28 16:57:07 mbuchs kernel: audit: type=1300 audit(1769615827.238:5): arch=c000003e syscall=1 success=yes exit=1 a0=c a1=7ffe92241dd0 a2=1 a3=0 items=0 ppid=344 pid=390 auid=0 uid=1000 gid=0 euid=0 suid=0 fsuid=0 egid=0 sgid=0 fsgid=0 tty=pts0 ses=4 comm="sudo" exe="/usr/bin/sudo" subj=kernel key=(null)
Jan 28 16:57:07 mbuchs kernel: audit: type=1327 audit(1769615827.238:5): proctitle=7375646F006A6F75726E616C63746C002D62
Jan 28 16:57:54 mbuchs kernel: audit: type=1006 audit(1769615874.232:6): pid=403 uid=1000 subj=kernel old-auid=4294967295 auid=0 tty=pts0 old-ses=4294967295 ses=5 res=1
Jan 28 16:57:54 mbuchs kernel: audit: type=1300 audit(1769615874.232:6): arch=c000003e syscall=1 success=yes exit=1 a0=c a1=7ffcf20e4270 a2=1 a3=0 items=0 ppid=344 pid=403 auid=0 uid=1000 gid=0 euid=0 suid=0 fsuid=0 egid=0 sgid=0 fsgid=0 tty=pts0 ses=5 comm="sudo" exe="/usr/bin/sudo" subj=kernel key=(null)
Jan 28 16:57:54 mbuchs kernel: audit: type=1327 audit(1769615874.232:6): proctitle=7375646F006A6F75726E616C63746C002D62002D6B
Jan 28 16:57:54 mbuchs kernel: audit: type=1006 audit(1769615874.257:7): pid=407 uid=0 subj=kernel old-auid=4294967295 auid=0 tty=(none) old-ses=4294967295 ses=6 res=1
Jan 28 16:57:54 mbuchs kernel: audit: type=1300 audit(1769615874.257:7): arch=c000003e syscall=1 success=yes exit=1 a0=7 a1=7fff80173b40 a2=1 a3=0 items=0 ppid=1 pid=407 auid=0 uid=0 gid=0 euid=0 suid=0 fsuid=0 egid=0 sgid=0 fsgid=0 tty=(none) ses=6 comm="(systemd)" exe="/usr/lib/systemd/systemd-executor" subj=kernel key=(null)
Jan 28 16:57:54 mbuchs kernel: audit: type=1327 audit(1769615874.257:7): proctitle="(systemd)"
